Archive member included to satisfy reference by file (symbol)

/home/charliyan23/OLSONET/PICOS/PicOS/CC13XX/CC13XXWARE/driverlib/bin/gcc/driverlib.lib(adi.o)
                              KTMP/analog_sensor.o (SafeHapiAuxAdiSelect)
/home/charliyan23/OLSONET/PICOS/PicOS/CC13XX/CC13XXWARE/driverlib/bin/gcc/driverlib.lib(aon_batmon.o)
                              KTMP/main.o (NOROM_AONBatMonTemperatureGetDegC)
/home/charliyan23/OLSONET/PICOS/PicOS/CC13XX/CC13XXWARE/driverlib/bin/gcc/driverlib.lib(aon_rtc.o)
                              KTMP/main.o (NOROM_AONRTCCurrent64BitValueGet)
/home/charliyan23/OLSONET/PICOS/PicOS/CC13XX/CC13XXWARE/driverlib/bin/gcc/driverlib.lib(aux_adc.o)
                              KTMP/analog_sensor.o (NOROM_AUXADCDisable)
/home/charliyan23/OLSONET/PICOS/PicOS/CC13XX/CC13XXWARE/driverlib/bin/gcc/driverlib.lib(cpu.o)
                              KTMP/main.o (NOROM_CPUcpsid)
/home/charliyan23/OLSONET/PICOS/PicOS/CC13XX/CC13XXWARE/driverlib/bin/gcc/driverlib.lib(osc.o)
                              KTMP/rfprop.o (NOROM_OSCHF_TurnOnXosc)
/home/charliyan23/OLSONET/PICOS/PicOS/CC13XX/CC13XXWARE/driverlib/bin/gcc/driverlib.lib(rfc.o)
                              KTMP/rfprop.o (NOROM_RFCDoorbellSendTo)
/home/charliyan23/OLSONET/PICOS/PicOS/CC13XX/CC13XXWARE/driverlib/bin/gcc/driverlib.lib(setup.o)
                              KTMP/startup_gcc.o (NOROM_SetupTrimDevice)
/home/charliyan23/OLSONET/PICOS/PicOS/CC13XX/CC13XXWARE/driverlib/bin/gcc/driverlib.lib(setup_rom.o)
                              /home/charliyan23/OLSONET/PICOS/PicOS/CC13XX/CC13XXWARE/driverlib/bin/gcc/driverlib.lib(setup.o) (NOROM_SetupAfterColdResetWakeupFromShutDownCfg1)
/home/charliyan23/OLSONET/PICOS/PicOS/CC13XX/CC13XXWARE/driverlib/bin/gcc/driverlib.lib(sys_ctrl.o)
                              KTMP/main.o (NOROM_SysCtrlSetRechargeBeforePowerDown)
/home/charliyan23/OLSONET/PICOS/PicOS/CC13XX/CC13XXWARE/driverlib/bin/gcc/driverlib.lib(chipinfo.o)
                              /home/charliyan23/OLSONET/PICOS/PicOS/CC13XX/CC13XXWARE/driverlib/bin/gcc/driverlib.lib(setup.o) (NOROM_ThisCodeIsBuiltForCC13xxHwRev20AndLater_HaltIfViolated)
/home/charliyan23/OLSONET/PICOS/PicOS/CC13XX/CC13XXWARE/driverlib/bin/gcc/driverlib.lib(ddi.o)
                              /home/charliyan23/OLSONET/PICOS/PicOS/CC13XX/CC13XXWARE/driverlib/bin/gcc/driverlib.lib(setup_rom.o) (NOROM_DDI32RegWrite)
/usr/lib/gcc/arm-none-eabi/10.3.1/../../../arm-none-eabi/lib/thumb/nofp/libg.a(lib_a-memcpy-stub.o)
                              KTMP/startup_gcc.o (memcpy)
/usr/lib/gcc/arm-none-eabi/10.3.1/../../../arm-none-eabi/lib/thumb/nofp/libg.a(lib_a-memset.o)
                              KTMP/kernel.o (memset)
/usr/lib/gcc/arm-none-eabi/10.3.1/../../../arm-none-eabi/lib/thumb/nofp/libg.a(lib_a-toupper.o)
                              KTMP/app.o (toupper)
/usr/lib/gcc/arm-none-eabi/10.3.1/../../../arm-none-eabi/lib/thumb/nofp/libg.a(lib_a-ctype_.o)
                              /usr/lib/gcc/arm-none-eabi/10.3.1/../../../arm-none-eabi/lib/thumb/nofp/libg.a(lib_a-toupper.o) (_ctype_)

Discarded input sections

 .text          0x0000000000000000        0x0 KTMP/app.o
 .data          0x0000000000000000        0x0 KTMP/app.o
 .bss           0x0000000000000000        0x0 KTMP/app.o
 .text          0x0000000000000000        0x0 KTMP/main.o
 .data          0x0000000000000000        0x0 KTMP/main.o
 .bss           0x0000000000000000        0x0 KTMP/main.o
 .text.reset    0x0000000000000000       0x24 KTMP/main.o
 .text.__pi_uart_getrate
                0x0000000000000000        0xc KTMP/main.o
 .text.setpowermode
                0x0000000000000000       0x24 KTMP/main.o
 .text.__pi_stackfree
                0x0000000000000000       0x28 KTMP/main.o
 .rodata.halt.str1.1
                0x0000000000000000        0xd KTMP/main.o
 .text.halt     0x0000000000000000       0x34 KTMP/main.o
 .text.__pi_batmon
                0x0000000000000000       0x54 KTMP/main.o
 .bss.where.0   0x0000000000000000        0x1 KTMP/main.o
 .text          0x0000000000000000        0x0 KTMP/kernel.o
 .data          0x0000000000000000        0x0 KTMP/kernel.o
 .bss           0x0000000000000000        0x0 KTMP/kernel.o
 .rodata.pidver.str1.1
                0x0000000000000000        0x4 KTMP/kernel.o
 .text.pidver   0x0000000000000000       0x24 KTMP/kernel.o
 .rodata.utimer_delete.str1.1
                0x0000000000000000        0x5 KTMP/kernel.o
 .text.utimer_delete
                0x0000000000000000       0x54 KTMP/kernel.o
 .text.__pi_ptrigger
                0x0000000000000000       0x2c KTMP/kernel.o
 .text.unwait   0x0000000000000000       0x14 KTMP/kernel.o
 .text.dleft    0x0000000000000000       0x40 KTMP/kernel.o
 .text.getcode  0x0000000000000000       0x18 KTMP/kernel.o
 .text.crunning
                0x0000000000000000       0x20 KTMP/kernel.o
 .text.__pi_strncpy
                0x0000000000000000       0x1c KTMP/kernel.o
 .text.__pi_strcat
[...]
Memory Configuration

Name             Origin             Length             Attributes
FLASH            0x0000000000000000 0x000000000001ffa8 xr
FLASH_CCFG       0x000000000001ffa8 0x0000000000000058 xr
SRAM             0x0000000020000000 0x0000000000005000 xrw
GPRAM            0x0000000011000000 0x0000000000002000 xrw
*default*        0x0000000000000000 0xffffffffffffffff

Linker script and memory map

                0x0000000020005000                _estack = (ORIGIN (SRAM) + LENGTH (SRAM))
                0x0000000000000000                _Min_Heap_Size = 0x0
                0x0000000000000100                _Min_Stack_Size = 0x100

.text           0x0000000000000000     0x4f2d
                0x0000000000000000                _text = .
 *(.vectors)
 .vectors       0x0000000000000000       0xc8 KTMP/startup_gcc.o
                0x0000000000000000                g_pfnVectors
 *(.text*)
 .text.receiver
                0x00000000000000c8       0xb0 KTMP/app.o
                0x00000000000000c8                receiver
 .text.send     0x0000000000000178       0x6c KTMP/app.o
                0x0000000000000178                send
 .text.root     0x00000000000001e4      0x1c0 KTMP/app.o
                0x00000000000001e4                root
 .text.devinit_uart
                0x00000000000003a4        0xc KTMP/main.o
 .text.udelay   0x00000000000003b0       0x2c KTMP/main.o
                0x00000000000003b0                udelay
 .text.mdelay   0x00000000000003dc       0x2a KTMP/main.o
                0x00000000000003dc                mdelay
 *fill*         0x0000000000000406        0x2 00000000
 .text.__pi_ondomain
                0x0000000000000408       0x40 KTMP/main.o
                0x0000000000000408                __pi_ondomain
 .text.__pi_offdomain
                0x0000000000000448       0x44 KTMP/main.o
                0x0000000000000448                __pi_offdomain
 .text.__pi_syserror
                0x000000000000048c       0x54 KTMP/main.o
                0x000000000000048c                __pi_syserror
 .text.tci_run_delay_timer
                0x00000000000004e0       0x44 KTMP/main.o
                0x00000000000004e0                tci_run_delay_timer
 .text.tci_run_auxiliary_timer
                0x0000000000000524       0x2c KTMP/main.o
                0x0000000000000524                tci_run_auxiliary_timer
 .text.AONRTCIntHandler
                0x0000000000000550      0x118 KTMP/main.o
                0x0000000000000550                AONRTCIntHandler
 .text.tci_update_delay_ticks
                0x0000000000000668       0x54 KTMP/main.o
                0x0000000000000668                tci_update_delay_ticks
 .text.__pi_uart_setrate
                0x00000000000006bc       0x50 KTMP/main.o
                0x00000000000006bc                __pi_uart_setrate
 .text.reinit_uart
                0x000000000000070c       0x2c KTMP/main.o
 .text.ioreq_uart_a
                0x0000000000000738      0x100 KTMP/main.o
 .text.UART0IntHandler
                0x0000000000000838       0xbc KTMP/main.o
                0x0000000000000838                UART0IntHandler
 .text.__buttons_setirq
                0x00000000000008f4       0x48 KTMP/main.o
                0x00000000000008f4                __buttons_setirq
 .text.__pinlist_setirq
                0x000000000000093c       0x3c KTMP/main.o
                0x000000000000093c                __pinlist_setirq
 .text.GPIOIntHandler
                0x0000000000000978       0xac KTMP/main.o
                0x0000000000000978                GPIOIntHandler
 .text.system_init
                0x0000000000000a24      0x1b8 KTMP/main.o
                0x0000000000000a24                system_init
 .text.__pi_release
                0x0000000000000bdc      0x268 KTMP/main.o
                0x0000000000000bdc                __pi_release
 .text.startup.main
                0x0000000000000e44       0x64 KTMP/main.o
                0x0000000000000e44                main
 .text.killev   0x0000000000000ea8       0x3c KTMP/kernel.o
 .text.qfree    0x0000000000000ee4       0x80 KTMP/kernel.o
 .text.dgout    0x0000000000000f64       0x14 KTMP/kernel.o
 .text.__pi_badstate
                0x0000000000000f78       0x10 KTMP/kernel.o
                0x0000000000000f78                __pi_badstate
 .text.utimer_add
                0x0000000000000f88       0x2c KTMP/kernel.o
                0x0000000000000f88                utimer_add
 .text.__pi_utimer_set
                0x0000000000000fb4        0x6 KTMP/kernel.o
                0x0000000000000fb4                __pi_utimer_set
 *fill*         0x0000000000000fba        0x2 00000000
 .text.update_n_wake
                0x0000000000000fbc       0xcc KTMP/kernel.o
                0x0000000000000fbc                update_n_wake
 .text.proceed  0x0000000000001088       0x14 KTMP/kernel.o
                0x0000000000001088                proceed
 .text.__pi_wait
                0x000000000000109c       0x34 KTMP/kernel.o
                0x000000000000109c                __pi_wait
 .text.__pi_trigger
                0x00000000000010d0       0x34 KTMP/kernel.o
                0x00000000000010d0                __pi_trigger
 .text.__pi_join
                0x0000000000001104       0x24 KTMP/kernel.o
                0x0000000000001104                __pi_join
 .text.delay    0x0000000000001128       0x38 KTMP/kernel.o
                0x0000000000001128                delay
 .text.running  0x0000000000001160       0x24 KTMP/kernel.o
                0x0000000000001160                running
 .text.__pi_strlen
                0x0000000000001184        0xe KTMP/kernel.o
                0x0000000000001184                __pi_strlen
 .text.__pi_strcpy
                0x0000000000001192       0x10 KTMP/kernel.o
                0x0000000000001192                __pi_strcpy
 .text.__pi_memcpy
                0x00000000000011a2       0x14 KTMP/kernel.o
                0x00000000000011a2                __pi_memcpy
 .text.__pi_memset
                0x00000000000011b6        0x4 KTMP/kernel.o
                0x00000000000011b6                __pi_memset
 *fill*         0x00000000000011ba        0x2 00000000
 .text.adddevfunc
                0x00000000000011bc       0x24 KTMP/kernel.o
                0x00000000000011bc                adddevfunc
 .text.io       0x00000000000011e0       0x9c KTMP/kernel.o
                0x00000000000011e0                io
 .text.__pi_malloc_init
                0x000000000000127c       0x50 KTMP/kernel.o
                0x000000000000127c                __pi_malloc_init
 .text.__pi_free
                0x00000000000012cc       0x48 KTMP/kernel.o
                0x00000000000012cc                __pi_free
 .text.kill     0x0000000000001314       0x50 KTMP/kernel.o
                0x0000000000001314                kill
 .text.__pi_malloc
                0x0000000000001364       0xa8 KTMP/kernel.o
                0x0000000000001364                __pi_malloc
 .text.__pi_fork
                0x000000000000140c       0x34 KTMP/kernel.o
                0x000000000000140c                __pi_fork
 .text.__pi_waitmem
                0x0000000000001440       0x18 KTMP/kernel.o
                0x0000000000001440                __pi_waitmem
 .text.diag     0x0000000000001458      0x144 KTMP/kernel.o
                0x0000000000001458                diag
 .text.lrnd     0x000000000000159c       0x24 KTMP/kernel.o
                0x000000000000159c                lrnd
 .text.enq      0x00000000000015c0       0x4c KTMP/tcv.o
 .text.apb      0x000000000000160c       0x16 KTMP/tcv.o
 .text.deq      0x0000000000001622       0x1a KTMP/tcv.o
 .text.rlp      0x000000000000163c        0xe KTMP/tcv.o
 *fill*         0x000000000000164a        0x2 00000000
 .text.dispose  0x000000000000164c       0x8c KTMP/tcv.o
 .text.tcv_endp
                0x00000000000016d8       0x70 KTMP/tcv.o
                0x00000000000016d8                tcv_endp
 .text.tcv_open
                0x0000000000001748       0xc0 KTMP/tcv.o
                0x0000000000001748                tcv_open
 .text.tcv_plug
                0x0000000000001808       0x24 KTMP/tcv.o
                0x0000000000001808                tcv_plug
 .text.tcv_rnp  0x000000000000182c       0x80 KTMP/tcv.o
                0x000000000000182c                tcv_rnp
 .text.tcv_wnps
                0x00000000000018ac       0xbc KTMP/tcv.o
                0x00000000000018ac                tcv_wnps
 .text.tcvp_control
                0x0000000000001968       0x2c KTMP/tcv.o
                0x0000000000001968                tcvp_control
 .text.tcv_control
                0x0000000000001994       0x60 KTMP/tcv.o
                0x0000000000001994                tcv_control
 .text.tcvp_new
                0x00000000000019f4       0x68 KTMP/tcv.o
                0x00000000000019f4                tcvp_new
 .text.tcvphy_reg
                0x0000000000001a5c       0x50 KTMP/tcv.o
                0x0000000000001a5c                tcvphy_reg
 .text.tcvphy_rcv
                0x0000000000001aac       0xa0 KTMP/tcv.o
                0x0000000000001aac                tcvphy_rcv
 .text.tcvphy_get
                0x0000000000001b4c       0x40 KTMP/tcv.o
                0x0000000000001b4c                tcvphy_get
 .text.tcvphy_top
                0x0000000000001b8c       0x34 KTMP/tcv.o
                0x0000000000001b8c                tcvphy_top
 .text.tcvphy_end
                0x0000000000001bc0       0x3c KTMP/tcv.o
                0x0000000000001bc0                tcvphy_end
 .text.tcv_init
                0x0000000000001bfc        0x2 KTMP/tcv.o
                0x0000000000001bfc                tcv_init
 .text.NmiSRHandler
                0x0000000000001bfe        0x2 KTMP/startup_gcc.o
                0x0000000000001bfe                NmiSR
 .text.FaultISRHandler
                0x0000000000001c00        0x2 KTMP/startup_gcc.o
                0x0000000000001c00                FaultISR
 .text.IntDefaultHandler
                0x0000000000001c02        0x2 KTMP/startup_gcc.o
                0x0000000000001c02                TRNGIntHandler
                0x0000000000001c02                SSI0IntHandler
                0x0000000000001c02                SWEvent0IntHandler
                0x0000000000001c02                uDMAIntHandler
                0x0000000000001c02                WatchdogIntHandler
                0x0000000000001c02                RFCHardwareIntHandler
                0x0000000000001c02                Timer1BIntHandler
                0x0000000000001c02                I2SIntHandler
                0x0000000000001c02                Timer2BIntHandler
                0x0000000000001c02                Timer2AIntHandler
                0x0000000000001c02                Timer1AIntHandler
                0x0000000000001c02                AONIntHandler
                0x0000000000001c02                AUXSWEvent0IntHandler
                0x0000000000001c02                AUXADCIntHandler
                0x0000000000001c02                PendSVIntHandler
                0x0000000000001c02                RFCCPE1IntHandler
                0x0000000000001c02                AUXSWEvent1IntHandler
                0x0000000000001c02                SVCallIntHandler
                0x0000000000001c02                MPUFaultIntHandler
                0x0000000000001c02                SysTickIntHandler
                0x0000000000001c02                BusFaultIntHandler
                0x0000000000001c02                AONProgIntHandler
                0x0000000000001c02                AUXCompAIntHandler
                0x0000000000001c02                SSI1IntHandler
                0x0000000000001c02                FlashIntHandler
                0x0000000000001c02                uDMAErrIntHandler
                0x0000000000001c02                UsageFaultIntHandler
                0x0000000000001c02                RFCCmdAckIntHandler
                0x0000000000001c02                CryptoIntHandler
                0x0000000000001c02                Timer0AIntHandler
                0x0000000000001c02                I2CIntHandler
                0x0000000000001c02                DebugMonIntHandler
                0x0000000000001c02                Timer0BIntHandler
                0x0000000000001c02                AUXCombEventIntHandler
                0x0000000000001c02                Timer3AIntHandler
                0x0000000000001c02                DynProgIntHandler
                0x0000000000001c02                Timer3BIntHandler
 .text.ResetISR
                0x0000000000001c04       0x50 KTMP/startup_gcc.o
                0x0000000000001c04                ResetISR
 .text.get_byte
                0x0000000000001c54       0x30 KTMP/storage_mx25r8035.o
 .text.put_byte
                0x0000000000001c84       0x34 KTMP/storage_mx25r8035.o
 .text.cmd_0    0x0000000000001cb8       0x1c KTMP/storage_mx25r8035.o
 .text.wwait    0x0000000000001cd4       0x58 KTMP/storage_mx25r8035.o
 .text.ready    0x0000000000001d2c       0x44 KTMP/storage_mx25r8035.o
 .text.cclose   0x0000000000001d70       0x24 KTMP/storage_mx25r8035.o
 .text.ee_open  0x0000000000001d94       0x14 KTMP/storage_mx25r8035.o
                0x0000000000001d94                ee_open
 .text.ee_close
                0x0000000000001da8       0x14 KTMP/storage_mx25r8035.o
                0x0000000000001da8                ee_close
 .text.ser_outf
                0x0000000000001dbc       0x54 KTMP/ser_outf.o
                0x0000000000001dbc                ser_outf
 .text.ser_inf  0x0000000000001e10       0x60 KTMP/ser_inf.o
                0x0000000000001e10                ser_inf
 .text.ser_in   0x0000000000001e70       0x78 KTMP/ser_in.o
                0x0000000000001e70                ser_in
 .text.plugch   0x0000000000001ee8       0x20 KTMP/rfprop.o
 .text.option   0x0000000000001f08      0x190 KTMP/rfprop.o
 .text.issue_cmd
                0x0000000000002098       0x48 KTMP/rfprop.o
 .text.rx_de    0x00000000000020e0       0x24 KTMP/rfprop.o
 .text.rf_off   0x0000000000002104       0x60 KTMP/rfprop.o
 .text.wait_cmd.constprop.0
                0x0000000000002164       0x38 KTMP/rfprop.o
 .text.rf_on    0x000000000000219c      0x1a8 KTMP/rfprop.o
 .text.rx_int_enable
                0x0000000000002344       0xc4 KTMP/rfprop.o
 .text.cc1350_driver
                0x0000000000002408      0x1e0 KTMP/rfprop.o
                0x0000000000002408                cc1350_driver
 .text.RFCCPE0IntHandler
                0x00000000000025e8       0x6c KTMP/rfprop.o
                0x00000000000025e8                RFCCPE0IntHandler
 .text.phys_cc1350
                0x0000000000002654      0x174 KTMP/rfprop.o
                0x0000000000002654                phys_cc1350
 .text.tcv_clo_null
                0x00000000000027c8       0x24 KTMP/plug_null.o
 .text.tcv_rcv_null
                0x00000000000027ec       0x24 KTMP/plug_null.o
 .text.tcv_frm_null
                0x0000000000002810        0x8 KTMP/plug_null.o
 .text.tcv_out_null
                0x0000000000002818        0x4 KTMP/plug_null.o
 .text.tcv_xmt_null
                0x000000000000281c        0x4 KTMP/plug_null.o
 .text.tcv_ope_null
                0x0000000000002820       0x48 KTMP/plug_null.o
 .text.outc.0   0x0000000000002868       0x20 KTMP/vform.o
 .text.__pi_vfparse
                0x0000000000002888      0x224 KTMP/vform.o
                0x0000000000002888                __pi_vfparse
 .text.vform    0x0000000000002aac       0x50 KTMP/vform.o
                0x0000000000002aac                vform
 .text.vscan    0x0000000000002afc      0x394 KTMP/vscan.o
                0x0000000000002afc                vscan
 .text.__outserial
                0x0000000000002e90       0x70 KTMP/__outserial.o
                0x0000000000002e90                __outserial
 .text.__inserial
                0x0000000000002f00      0x11c KTMP/__inserial.o
                0x0000000000002f00                __inserial
 .text.SafeHapiVoid
                0x000000000000301c       0x28 /home/charliyan23/OLSONET/PICOS/PicOS/CC13XX/CC13XXWARE/driverlib/bin/gcc/driverlib.lib(adi.o)
                0x000000000000301c                SafeHapiVoid
 .text.NOROM_AONBatMonTemperatureGetDegC
                0x0000000000003044       0x30 /home/charliyan23/OLSONET/PICOS/PicOS/CC13XX/CC13XXWARE/driverlib/bin/gcc/driverlib.lib(aon_batmon.o)
                0x0000000000003044                NOROM_AONBatMonTemperatureGetDegC
 .text.NOROM_AONRTCCurrentCompareValueGet
                0x0000000000003074       0x20 /home/charliyan23/OLSONET/PICOS/PicOS/CC13XX/CC13XXWARE/driverlib/bin/gcc/driverlib.lib(aon_rtc.o)
                0x0000000000003074                NOROM_AONRTCCurrentCompareValueGet
 .text.NOROM_AONRTCCurrent64BitValueGet
                0x0000000000003094       0x18 /home/charliyan23/OLSONET/PICOS/PicOS/CC13XX/CC13XXWARE/driverlib/bin/gcc/driverlib.lib(aon_rtc.o)
                0x0000000000003094                NOROM_AONRTCCurrent64BitValueGet
 .text.NOROM_CPUcpsid
                0x00000000000030ac        0x8 /home/charliyan23/OLSONET/PICOS/PicOS/CC13XX/CC13XXWARE/driverlib/bin/gcc/driverlib.lib(cpu.o)
                0x00000000000030ac                NOROM_CPUcpsid
 .text.NOROM_CPUcpsie
                0x00000000000030b4        0x8 /home/charliyan23/OLSONET/PICOS/PicOS/CC13XX/CC13XXWARE/driverlib/bin/gcc/driverlib.lib(cpu.o)
                0x00000000000030b4                NOROM_CPUcpsie
 .text.NOROM_OSCClockSourceSet
                0x00000000000030bc       0x5c /home/charliyan23/OLSONET/PICOS/PicOS/CC13XX/CC13XXWARE/driverlib/bin/gcc/driverlib.lib(osc.o)
                0x00000000000030bc                NOROM_OSCClockSourceSet
 .text.NOROM_OSCClockSourceGet
                0x0000000000003118       0x2c /home/charliyan23/OLSONET/PICOS/PicOS/CC13XX/CC13XXWARE/driverlib/bin/gcc/driverlib.lib(osc.o)
                0x0000000000003118                NOROM_OSCClockSourceGet
 .text.NOROM_OSCHF_TurnOnXosc
                0x0000000000003144       0x18 /home/charliyan23/OLSONET/PICOS/PicOS/CC13XX/CC13XXWARE/driverlib/bin/gcc/driverlib.lib(osc.o)
                0x0000000000003144                NOROM_OSCHF_TurnOnXosc
 .text.NOROM_OSCHF_AttemptToSwitchToXosc
                0x000000000000315c       0x60 /home/charliyan23/OLSONET/PICOS/PicOS/CC13XX/CC13XXWARE/driverlib/bin/gcc/driverlib.lib(osc.o)
                0x000000000000315c                NOROM_OSCHF_AttemptToSwitchToXosc
 .text.NOROM_OSCHF_SwitchToRcOscTurnOffXosc
                0x00000000000031bc       0x34 /home/charliyan23/OLSONET/PICOS/PicOS/CC13XX/CC13XXWARE/driverlib/bin/gcc/driverlib.lib(osc.o)
                0x00000000000031bc                NOROM_OSCHF_SwitchToRcOscTurnOffXosc
 .text.NOROM_RFCDoorbellSendTo
                0x00000000000031f0       0x28 /home/charliyan23/OLSONET/PICOS/PicOS/CC13XX/CC13XXWARE/driverlib/bin/gcc/driverlib.lib(rfc.o)
                0x00000000000031f0                NOROM_RFCDoorbellSendTo
 .text.NOROM_RFCSynthPowerDown
                0x0000000000003218       0x4c /home/charliyan23/OLSONET/PICOS/PicOS/CC13XX/CC13XXWARE/driverlib/bin/gcc/driverlib.lib(rfc.o)
                0x0000000000003218                NOROM_RFCSynthPowerDown
 .text.NOROM_RFCRfTrimRead
                0x0000000000003264      0x150 /home/charliyan23/OLSONET/PICOS/PicOS/CC13XX/CC13XXWARE/driverlib/bin/gcc/driverlib.lib(rfc.o)
                0x0000000000003264                NOROM_RFCRfTrimRead
 .text.NOROM_RFCRTrim
                0x00000000000033b4      0x118 /home/charliyan23/OLSONET/PICOS/PicOS/CC13XX/CC13XXWARE/driverlib/bin/gcc/driverlib.lib(rfc.o)
                0x00000000000033b4                NOROM_RFCRTrim
 .text.NOROM_RFCRfTrimSet
                0x00000000000034cc       0x20 /home/charliyan23/OLSONET/PICOS/PicOS/CC13XX/CC13XXWARE/driverlib/bin/gcc/driverlib.lib(rfc.o)
                0x00000000000034cc                NOROM_RFCRfTrimSet
 .text.NOROM_RFCAdi3VcoLdoVoltageMode
                0x00000000000034ec       0x1c /home/charliyan23/OLSONET/PICOS/PicOS/CC13XX/CC13XXWARE/driverlib/bin/gcc/driverlib.lib(rfc.o)
                0x00000000000034ec                NOROM_RFCAdi3VcoLdoVoltageMode
 .text.TrimAfterColdResetWakeupFromShutDown
                0x0000000000003508       0xd4 /home/charliyan23/OLSONET/PICOS/PicOS/CC13XX/CC13XXWARE/driverlib/bin/gcc/driverlib.lib(setup.o)
 .text.NOROM_SetupTrimDevice
                0x00000000000035dc       0xa4 /home/charliyan23/OLSONET/PICOS/PicOS/CC13XX/CC13XXWARE/driverlib/bin/gcc/driverlib.lib(setup.o)
                0x00000000000035dc                NOROM_SetupTrimDevice
 .text.NOROM_SetupSetVddrLevel
                0x0000000000003680       0x7c /home/charliyan23/OLSONET/PICOS/PicOS/CC13XX/CC13XXWARE/driverlib/bin/gcc/driverlib.lib(setup_rom.o)
                0x0000000000003680                NOROM_SetupSetVddrLevel
 .text.NOROM_SetupAfterColdResetWakeupFromShutDownCfg1
                0x00000000000036fc       0xac /home/charliyan23/OLSONET/PICOS/PicOS/CC13XX/CC13XXWARE/driverlib/bin/gcc/driverlib.lib(setup_rom.o)
                0x00000000000036fc                NOROM_SetupAfterColdResetWakeupFromShutDownCfg1
 .text.NOROM_SetupGetTrimForAnabypassValue1
                0x00000000000037a8       0x5c /home/charliyan23/OLSONET/PICOS/PicOS/CC13XX/CC13XXWARE/driverlib/bin/gcc/driverlib.lib(setup_rom.o)
                0x00000000000037a8                NOROM_SetupGetTrimForAnabypassValue1
 .text.NOROM_SetupGetTrimForRcOscLfRtuneCtuneTrim
                0x0000000000003804       0x18 /home/charliyan23/OLSONET/PICOS/PicOS/CC13XX/CC13XXWARE/driverlib/bin/gcc/driverlib.lib(setup_rom.o)
                0x0000000000003804                NOROM_SetupGetTrimForRcOscLfRtuneCtuneTrim
 .text.NOROM_SetupGetTrimForAmpcompTh2
                0x000000000000381c       0x10 /home/charliyan23/OLSONET/PICOS/PicOS/CC13XX/CC13XXWARE/driverlib/bin/gcc/driverlib.lib(setup_rom.o)
                0x000000000000381c                NOROM_SetupGetTrimForAmpcompTh2
 .text.NOROM_SetupGetTrimForAmpcompTh1
                0x000000000000382c       0x14 /home/charliyan23/OLSONET/PICOS/PicOS/CC13XX/CC13XXWARE/driverlib/bin/gcc/driverlib.lib(setup_rom.o)
                0x000000000000382c                NOROM_SetupGetTrimForAmpcompTh1
 .text.NOROM_SetupGetTrimForAmpcompCtrl
                0x0000000000003840       0x64 /home/charliyan23/OLSONET/PICOS/PicOS/CC13XX/CC13XXWARE/driverlib/bin/gcc/driverlib.lib(setup_rom.o)
                0x0000000000003840                NOROM_SetupGetTrimForAmpcompCtrl
 .text.NOROM_SetupGetTrimForDblrLoopFilterResetVoltage
                0x00000000000038a4       0x14 /home/charliyan23/OLSONET/PICOS/PicOS/CC13XX/CC13XXWARE/driverlib/bin/gcc/driverlib.lib(setup_rom.o)
                0x00000000000038a4                NOROM_SetupGetTrimForDblrLoopFilterResetVoltage
 .text.NOROM_SetupGetTrimForAdcShModeEn
                0x00000000000038b8       0x14 /home/charliyan23/OLSONET/PICOS/PicOS/CC13XX/CC13XXWARE/driverlib/bin/gcc/driverlib.lib(setup_rom.o)
                0x00000000000038b8                NOROM_SetupGetTrimForAdcShModeEn
 .text.NOROM_SetupGetTrimForAdcShVbufEn
                0x00000000000038cc       0x14 /home/charliyan23/OLSONET/PICOS/PicOS/CC13XX/CC13XXWARE/driverlib/bin/gcc/driverlib.lib(setup_rom.o)
                0x00000000000038cc                NOROM_SetupGetTrimForAdcShVbufEn
 .text.NOROM_SetupGetTrimForXoscHfCtl
                0x00000000000038e0       0x28 /home/charliyan23/OLSONET/PICOS/PicOS/CC13XX/CC13XXWARE/driverlib/bin/gcc/driverlib.lib(setup_rom.o)
                0x00000000000038e0                NOROM_SetupGetTrimForXoscHfCtl
 .text.NOROM_SetupGetTrimForXoscHfFastStart
                0x0000000000003908       0x10 /home/charliyan23/OLSONET/PICOS/PicOS/CC13XX/CC13XXWARE/driverlib/bin/gcc/driverlib.lib(setup_rom.o)
                0x0000000000003908                NOROM_SetupGetTrimForXoscHfFastStart
 .text.NOROM_SetupGetTrimForRadcExtCfg
                0x0000000000003918       0x2c /home/charliyan23/OLSONET/PICOS/PicOS/CC13XX/CC13XXWARE/driverlib/bin/gcc/driverlib.lib(setup_rom.o)
                0x0000000000003918                NOROM_SetupGetTrimForRadcExtCfg
 .text.NOROM_SetupGetTrimForRcOscLfIBiasTrim
                0x0000000000003944       0x14 /home/charliyan23/OLSONET/PICOS/PicOS/CC13XX/CC13XXWARE/driverlib/bin/gcc/driverlib.lib(setup_rom.o)
                0x0000000000003944                NOROM_SetupGetTrimForRcOscLfIBiasTrim
 .text.NOROM_SetupGetTrimForXoscLfRegulatorAndCmirrwrRatio
                0x0000000000003958       0x14 /home/charliyan23/OLSONET/PICOS/PicOS/CC13XX/CC13XXWARE/driverlib/bin/gcc/driverlib.lib(setup_rom.o)
                0x0000000000003958                NOROM_SetupGetTrimForXoscLfRegulatorAndCmirrwrRatio
 .text.NOROM_SetupAfterColdResetWakeupFromShutDownCfg2
                0x000000000000396c      0x110 /home/charliyan23/OLSONET/PICOS/PicOS/CC13XX/CC13XXWARE/driverlib/bin/gcc/driverlib.lib(setup_rom.o)
                0x000000000000396c                NOROM_SetupAfterColdResetWakeupFromShutDownCfg2
 .text.NOROM_SetupSetCacheModeAccordingToCcfgSetting
                0x0000000000003a7c       0x64 /home/charliyan23/OLSONET/PICOS/PicOS/CC13XX/CC13XXWARE/driverlib/bin/gcc/driverlib.lib(setup_rom.o)
                0x0000000000003a7c                NOROM_SetupSetCacheModeAccordingToCcfgSetting
 .text.NOROM_SetupSetAonRtcSubSecInc
                0x0000000000003ae0       0x28 /home/charliyan23/OLSONET/PICOS/PicOS/CC13XX/CC13XXWARE/driverlib/bin/gcc/driverlib.lib(setup_rom.o)
                0x0000000000003ae0                NOROM_SetupSetAonRtcSubSecInc
 .text.NOROM_SetupAfterColdResetWakeupFromShutDownCfg3
                0x0000000000003b08      0x150 /home/charliyan23/OLSONET/PICOS/PicOS/CC13XX/CC13XXWARE/driverlib/bin/gcc/driverlib.lib(setup_rom.o)
                0x0000000000003b08                NOROM_SetupAfterColdResetWakeupFromShutDownCfg3
 .text.NOROM_SysCtrlSetRechargeBeforePowerDown
                0x0000000000003c58      0x220 /home/charliyan23/OLSONET/PICOS/PicOS/CC13XX/CC13XXWARE/driverlib/bin/gcc/driverlib.lib(sys_ctrl.o)
                0x0000000000003c58                NOROM_SysCtrlSetRechargeBeforePowerDown
 .text.NOROM_SysCtrlAdjustRechargeAfterPowerDown
                0x0000000000003e78       0x60 /home/charliyan23/OLSONET/PICOS/PicOS/CC13XX/CC13XXWARE/driverlib/bin/gcc/driverlib.lib(sys_ctrl.o)
                0x0000000000003e78                NOROM_SysCtrlAdjustRechargeAfterPowerDown
 .text.NOROM_SysCtrlResetSourceGet
                0x0000000000003ed8       0x18 /home/charliyan23/OLSONET/PICOS/PicOS/CC13XX/CC13XXWARE/driverlib/bin/gcc/driverlib.lib(sys_ctrl.o)
                0x0000000000003ed8                NOROM_SysCtrlResetSourceGet
 .text.NOROM_ChipInfo_GetChipFamily
                0x0000000000003ef0       0x4c /home/charliyan23/OLSONET/PICOS/PicOS/CC13XX/CC13XXWARE/driverlib/bin/gcc/driverlib.lib(chipinfo.o)
                0x0000000000003ef0                NOROM_ChipInfo_GetChipFamily
 .text.NOROM_ChipInfo_GetHwRevision
                0x0000000000003f3c       0x6c /home/charliyan23/OLSONET/PICOS/PicOS/CC13XX/CC13XXWARE/driverlib/bin/gcc/driverlib.lib(chipinfo.o)
                0x0000000000003f3c                NOROM_ChipInfo_GetHwRevision
 .text.NOROM_ThisCodeIsBuiltForCC13xxHwRev20AndLater_HaltIfViolated
                0x0000000000003fa8       0x16 /home/charliyan23/OLSONET/PICOS/PicOS/CC13XX/CC13XXWARE/driverlib/bin/gcc/driverlib.lib(chipinfo.o)
                0x0000000000003fa8                NOROM_ThisCodeIsBuiltForCC13xxHwRev20AndLater_HaltIfViolated
 *fill*         0x0000000000003fbe        0x2 00000000
 .text.AuxAdiDdiSafeWrite.constprop.1
                0x0000000000003fc0       0x28 /home/charliyan23/OLSONET/PICOS/PicOS/CC13XX/CC13XXWARE/driverlib/bin/gcc/driverlib.lib(ddi.o)
 .text.NOROM_DDI32RegWrite
                0x0000000000003fe8        0x8 /home/charliyan23/OLSONET/PICOS/PicOS/CC13XX/CC13XXWARE/driverlib/bin/gcc/driverlib.lib(ddi.o)
                0x0000000000003fe8                NOROM_DDI32RegWrite
 .text          0x0000000000003ff0       0xa8 /usr/lib/gcc/arm-none-eabi/10.3.1/../../../arm-none-eabi/lib/thumb/nofp/libg.a(lib_a-memcpy-stub.o)
                0x0000000000003ff0                memcpy
 .text          0x0000000000004098       0xb0 /usr/lib/gcc/arm-none-eabi/10.3.1/../../../arm-none-eabi/lib/thumb/nofp/libg.a(lib_a-memset.o)
                0x0000000000004098                memset
 .text          0x0000000000004148       0x14 /usr/lib/gcc/arm-none-eabi/10.3.1/../../../arm-none-eabi/lib/thumb/nofp/libg.a(lib_a-toupper.o)
                0x0000000000004148                toupper
 *(.rodata*)
 .rodata.receiver.str1.1
                0x000000000000415c       0x38 KTMP/app.o
 .rodata.send.str1.1
                0x0000000000004194       0x11 KTMP/app.o
 .rodata.root.str1.1
                0x00000000000041a5       0xed KTMP/app.o
                                         0xf0 (size before relaxing)
 .rodata.__pi_syserror.str1.1
                0x0000000000004292        0xf KTMP/main.o
 .rodata.ioreq_uart_a.str1.1
                0x00000000000042a1        0x8 KTMP/main.o
 .rodata.system_init.str1.1
                0x00000000000042a9       0x63 KTMP/main.o
                                         0x64 (size before relaxing)
 .rodata.__pi_release.str1.1
                0x000000000000430c        0x3 KTMP/main.o
 *fill*         0x000000000000430f        0x1 00000000
 .rodata.port_confs
                0x0000000000004310       0x44 KTMP/main.o
                0x0000000000004310                port_confs
 .rodata.__pi_badstate.str1.1
                0x0000000000004354        0x6 KTMP/kernel.o
 .rodata.utimer_add.str1.1
                0x000000000000435a        0x5 KTMP/kernel.o
 .rodata.__pi_wait.str1.1
                0x000000000000435f        0x3 KTMP/kernel.o
 .rodata.adddevfunc.str1.1
                0x0000000000004362        0x5 KTMP/kernel.o
 .rodata.io.str1.1
                0x0000000000004367        0x3 KTMP/kernel.o
 .rodata.__pi_malloc_init.str1.1
                0x000000000000436a        0x5 KTMP/kernel.o
 .rodata.__pi_free.str1.1
                0x000000000000436f        0x5 KTMP/kernel.o
 .rodata.kill.str1.1
                0x0000000000004374        0x4 KTMP/kernel.o
 .rodata.__pi_malloc.str1.1
                0x0000000000004378        0x5 KTMP/kernel.o
 .rodata.__pi_hex_enc_table
                0x000000000000437d       0x10 KTMP/kernel.o
                0x000000000000437d                __pi_hex_enc_table
 .rodata.enq.str1.1
                0x000000000000438d        0x6 KTMP/tcv.o
 .rodata.dispose.str1.1
                0x0000000000004393       0x18 KTMP/tcv.o
 .rodata.tcv_endp.str1.1
                0x00000000000043ab        0xc KTMP/tcv.o
 .rodata.tcv_open.str1.1
                0x00000000000043b7       0x12 KTMP/tcv.o
 .rodata.tcv_rnp.str1.1
                0x00000000000043c9        0xc KTMP/tcv.o
 .rodata.tcv_wnps.str1.1
                0x00000000000043d5       0x12 KTMP/tcv.o
 .rodata.tcvp_control.str1.1
                0x00000000000043e7        0x6 KTMP/tcv.o
 .rodata.tcv_control.str1.1
                0x00000000000043ed        0x6 KTMP/tcv.o
 .rodata.tcvp_new.str1.1
                0x00000000000043f3        0xc KTMP/tcv.o
 .rodata.tcvphy_reg.str1.1
                0x00000000000043ff        0xc KTMP/tcv.o
 .rodata.tcvphy_rcv.str1.1
                0x000000000000440b        0xc KTMP/tcv.o
 .rodata.tcvphy_get.str1.1
                0x0000000000004417        0x6 KTMP/tcv.o
 .rodata.tcvphy_top.str1.1
                0x000000000000441d        0x6 KTMP/tcv.o
 .rodata.tcvphy_end.str1.1
                0x0000000000004423        0x6 KTMP/tcv.o
 .rodata.__input_pins
                0x0000000000004429        0x4 KTMP/pin_sensor.o
                0x0000000000004429                __input_pins
 *fill*         0x000000000000442d        0x1 00000000
 .rodata.__button_list
                0x000000000000442e        0x4 KTMP/buttons.o
                0x000000000000442e                __button_list
 .rodata.option.str1.1
                0x0000000000004432        0x8 KTMP/rfprop.o
 .rodata.issue_cmd.str1.1
                0x000000000000443a       0x19 KTMP/rfprop.o
 .rodata.wait_cmd.constprop.0.str1.1
                0x0000000000004453       0x14 KTMP/rfprop.o
 .rodata.rx_int_enable.str1.1
                0x0000000000004467        0x7 KTMP/rfprop.o
 .rodata.cc1350_driver.str1.1
                0x000000000000446e        0x8 KTMP/rfprop.o
 .rodata.phys_cc1350.str1.1
                0x0000000000004476       0x20 KTMP/rfprop.o
 .rodata.patable
                0x0000000000004496       0x10 KTMP/rfprop.o
 *fill*         0x00000000000044a6        0x2 00000000
 .rodata.patchGenfskRfe
                0x00000000000044a8      0x6b4 KTMP/rfprop.o
 .rodata.patchImageGenfsk
                0x0000000000004b5c      0x28c KTMP/rfprop.o
 .rodata.ratable
                0x0000000000004de8        0xc KTMP/rfprop.o
 .rodata.tcv_ope_null.str1.1
                0x0000000000004df4       0x17 KTMP/plug_null.o
 *fill*         0x0000000000004e0b        0x1 00000000
 .rodata.plug_null
                0x0000000000004e0c       0x20 KTMP/plug_null.o
                0x0000000000004e0c                plug_null
 .rodata        0x0000000000004e2c      0x101 /usr/lib/gcc/arm-none-eabi/10.3.1/../../../arm-none-eabi/lib/thumb/nofp/libg.a(lib_a-ctype_.o)
                0x0000000000004e2c                _ctype_
 *(.init)
 *(.fini*)
 *(.eh_frame*)
                0x0000000000004f2d                _etext = .

.glue_7         0x0000000000004f30        0x0
 .glue_7        0x0000000000004f30        0x0 linker stubs

.glue_7t        0x0000000000004f30        0x0
 .glue_7t       0x0000000000004f30        0x0 linker stubs

.vfp11_veneer   0x0000000000004f30        0x0
 .vfp11_veneer  0x0000000000004f30        0x0 linker stubs

.v4_bx          0x0000000000004f30        0x0
 .v4_bx         0x0000000000004f30        0x0 linker stubs

.iplt           0x0000000000004f30        0x0
 .iplt          0x0000000000004f30        0x0 KTMP/app.o

.ARM.exidx      0x0000000000004f2d        0x0
                0x0000000000004f2d                __exidx_start = .
 *(.ARM.exidx* .gnu.linkonce.armexidx.*)
                0x0000000000004f2d                __exidx_end = .

.ARM.extab
 *(.ARM.extab* .gnu.linkonce.armextab.*)

.data           0x0000000020000000      0x108 load address 0x0000000000004f2d
                0x0000000020000000                _data = .
 *(vtable)
 *(.data*)
 .data.__pi_seed
                0x0000000020000000        0x4 KTMP/kernel.o
                0x0000000020000000                __pi_seed
 .data.cmd_cs   0x0000000020000004       0x1c KTMP/rfprop.o
 .data.cmd_srt  0x0000000020000020       0x14 KTMP/rfprop.o
 .data.offdelay
                0x0000000020000034        0x2 KTMP/rfprop.o
 .data.vrate    0x0000000020000036        0x1 KTMP/rfprop.o
 *fill*         0x0000000020000037        0x1 
 .data.RF_cmdFs
                0x0000000020000038       0x18 KTMP/smartrf_settings_lp_hr.o
                0x0000000020000038                RF_cmdFs
 .data.RF_cmdPropRadioDivSetup
                0x0000000020000050       0x28 KTMP/smartrf_settings_lp_hr.o
                0x0000000020000050                RF_cmdPropRadioDivSetup
 .data.RF_cmdPropRx
                0x0000000020000078       0x24 KTMP/smartrf_settings_lp_hr.o
                0x0000000020000078                RF_cmdPropRx
 .data.RF_cmdPropTx
                0x000000002000009c       0x18 KTMP/smartrf_settings_lp_hr.o
                0x000000002000009c                RF_cmdPropTx
 .data.pOverrides
                0x00000000200000b4       0x54 KTMP/smartrf_settings_lp_hr.o
                0x0000000020000108                _edata = .

.igot.plt       0x0000000020000108        0x0 load address 0x0000000000005035
 .igot.plt      0x0000000020000108        0x0 KTMP/app.o

.bss            0x0000000020000108      0x134 load address 0x0000000000005035
                0x0000000020000108                __bss_start__ = .
                0x0000000020000108                _bss = .
 *(.bss*)
 .bss.nodeId    0x0000000020000108        0x1 KTMP/app.o
                0x0000000020000108                nodeId
 *fill*         0x0000000020000109        0x3 
 .bss.packet.3  0x000000002000010c        0x4 KTMP/app.o
 .bss.ptr.1     0x0000000020000110        0x4 KTMP/app.o
 .bss.receivedPtr.2
                0x0000000020000114        0x4 KTMP/app.o
 .bss.receiverId.0
                0x0000000020000118        0x1 KTMP/app.o
 *fill*         0x0000000020000119        0x3 
 .bss.sequence  0x000000002000011c        0x4 KTMP/app.o
                0x000000002000011c                sequence
 .bss.sfd       0x0000000020000120        0x4 KTMP/app.o
                0x0000000020000120                sfd
 .bss.__pi_uart
                0x0000000020000124        0x8 KTMP/main.o
                0x0000000020000124                __pi_uart
 .bss.setdel    0x000000002000012c        0x2 KTMP/main.o
 *fill*         0x000000002000012e        0x2 
 .bss.system_event_count
                0x0000000020000130        0x4 KTMP/main.o
                0x0000000020000130                system_event_count
 .bss.urates    0x0000000020000134        0x2 KTMP/main.o
 *fill*         0x0000000020000136        0x2 
 .bss.__PCB     0x0000000020000138        0x4 KTMP/kernel.o
                0x0000000020000138                __PCB
 .bss.__pi_curr
                0x000000002000013c        0x4 KTMP/kernel.o
                0x000000002000013c                __pi_curr
 .bss.__pi_mintk
                0x0000000020000140        0x2 KTMP/kernel.o
                0x0000000020000140                __pi_mintk
 .bss.__pi_new  0x0000000020000142        0x2 KTMP/kernel.o
                0x0000000020000142                __pi_new
 .bss.__pi_old  0x0000000020000144        0x2 KTMP/kernel.o
                0x0000000020000144                __pi_old
 *fill*         0x0000000020000146        0x2 
 .bss.__pi_systat
                0x0000000020000148        0x8 KTMP/kernel.o
                0x0000000020000148                __pi_systat
 .bss.__pi_utims
                0x0000000020000150       0x10 KTMP/kernel.o
                0x0000000020000150                __pi_utims
 .bss.entropy   0x0000000020000160        0x4 KTMP/kernel.o
                0x0000000020000160                entropy
 .bss.ioreq     0x0000000020000164        0x4 KTMP/kernel.o
 .bss.mcfree    0x0000000020000168        0x4 KTMP/kernel.o
 .bss.mevent    0x000000002000016c        0x2 KTMP/kernel.o
 *fill*         0x000000002000016e        0x2 
 .bss.mnfree    0x0000000020000170        0x4 KTMP/kernel.o
 .bss.mpools    0x0000000020000174        0x4 KTMP/kernel.o
 .bss.descriptors
                0x0000000020000178       0x20 KTMP/tcv.o
 .bss.oqueues   0x0000000020000198        0xc KTMP/tcv.o
 .bss.physical  0x00000000200001a4        0xc KTMP/tcv.o
 .bss.physinfo  0x00000000200001b0        0xc KTMP/tcv.o
 .bss.plugins   0x00000000200001bc        0xc KTMP/tcv.o
 .bss.dopen     0x00000000200001c8        0x1 KTMP/storage_mx25r8035.o
 .bss.dstat     0x00000000200001c9        0x1 KTMP/storage_mx25r8035.o
 .bss.bckf_timer
                0x00000000200001ca        0x2 KTMP/rfprop.o
 .bss.channel   0x00000000200001cc        0x1 KTMP/rfprop.o
 *fill*         0x00000000200001cd        0x3 
 .bss.drvprcs   0x00000000200001d0        0x4 KTMP/rfprop.o
 .bss.dstate    0x00000000200001d4        0x1 KTMP/rfprop.o
 *fill*         0x00000000200001d5        0x3 
 .bss.paylen    0x00000000200001d8        0x4 KTMP/rfprop.o
 .bss.physid    0x00000000200001dc        0x2 KTMP/rfprop.o
 *fill*         0x00000000200001de        0x2 
 .bss.qevent    0x00000000200001e0        0x4 KTMP/rfprop.o
 .bss.rbuffl    0x00000000200001e4        0x1 KTMP/rfprop.o
 *fill*         0x00000000200001e5        0x3 
 .bss.rfTrim    0x00000000200001e8       0x10 KTMP/rfprop.o
 .bss.rxstat    0x00000000200001f8        0xc KTMP/rfprop.o
 .bss.statid    0x0000000020000204        0x2 KTMP/rfprop.o
 .bss.txtries   0x0000000020000206        0x1 KTMP/rfprop.o
 *fill*         0x0000000020000207        0x1 
 .bss.ndsc_null
                0x0000000020000208        0x4 KTMP/plug_null.o
 .bss.len.0     0x000000002000020c        0x4 KTMP/__outserial.o
 .bss.ptr.1     0x0000000020000210        0x4 KTMP/__outserial.o
 .bss.__inpline
                0x0000000020000214        0x4 KTMP/__inserial.o
                0x0000000020000214                __inpline
 .bss.len.0     0x0000000020000218        0x4 KTMP/__inserial.o
 .bss.ptr.1     0x000000002000021c        0x4 KTMP/__inserial.o
 .bss.oscHfGlobals
                0x0000000020000220       0x14 /home/charliyan23/OLSONET/PICOS/PicOS/CC13XX/CC13XXWARE/driverlib/bin/gcc/driverlib.lib(osc.o)
 .bss.powerQualGlobals
                0x0000000020000234        0x8 /home/charliyan23/OLSONET/PICOS/PicOS/CC13XX/CC13XXWARE/driverlib/bin/gcc/driverlib.lib(sys_ctrl.o)
 *(COMMON)
                0x000000002000023c                . = ALIGN (0x4)
                0x000000002000023c                _ebss = .
                0x000000002000023c                __bss_end__ = .

.ccfg           0x000000000001ffa8       0x58
 *(.ccfg)
 .ccfg          0x000000000001ffa8       0x58 KTMP/ccfg.o
                0x000000000001ffa8                __ccfg

.rel.dyn        0x0000000000020000        0x0
 .rel.iplt      0x0000000000020000        0x0 KTMP/app.o

._user_heap_stack
                0x000000002000023c      0x100
                0x000000002000023c                . = ALIGN (0x4)
                0x000000002000023c                . = (. + _Min_Heap_Size)
                0x000000002000033c                . = (. + _Min_Stack_Size)
 *fill*         0x000000002000023c      0x100 
                0x000000002000033c                . = ALIGN (0x4)

.gpram
LOAD KTMP/app.o
LOAD KTMP/main.o
LOAD KTMP/kernel.o
LOAD KTMP/tcv.o
LOAD KTMP/startup_gcc.o
LOAD KTMP/ccfg.o
LOAD KTMP/sensors.o
LOAD KTMP/analog_sensor.o
LOAD KTMP/pin_sensor.o
LOAD KTMP/pins_sys.o
LOAD KTMP/buttons.o
LOAD KTMP/storage_mx25r8035.o
LOAD KTMP/form.o
LOAD KTMP/scan.o
LOAD KTMP/ser_outf.o
LOAD KTMP/ser_inf.o
LOAD KTMP/ser_select.o
LOAD KTMP/ser_out.o
LOAD KTMP/ser_outb.o
LOAD KTMP/ser_in.o
LOAD KTMP/rfprop.o
LOAD KTMP/plug_null.o
LOAD KTMP/vform.o
LOAD KTMP/vscan.o
LOAD KTMP/__outserial.o
LOAD KTMP/__inserial.o
LOAD KTMP/smartrf_settings_lp_hr.o
LOAD /home/charliyan23/OLSONET/PICOS/PicOS/CC13XX/CC13XXWARE/driverlib/bin/gcc/driverlib.lib
START GROUP
LOAD /usr/lib/gcc/arm-none-eabi/10.3.1/thumb/nofp/libgcc.a
LOAD /usr/lib/gcc/arm-none-eabi/10.3.1/../../../arm-none-eabi/lib/thumb/nofp/libg.a
LOAD /usr/lib/gcc/arm-none-eabi/10.3.1/../../../arm-none-eabi/lib/thumb/nofp/libc.a
END GROUP
START GROUP
LOAD /usr/lib/gcc/arm-none-eabi/10.3.1/thumb/nofp/libgcc.a
LOAD /usr/lib/gcc/arm-none-eabi/10.3.1/../../../arm-none-eabi/lib/thumb/nofp/libc.a
LOAD /usr/lib/gcc/arm-none-eabi/10.3.1/../../../arm-none-eabi/lib/thumb/nofp/libnosys.a
END GROUP
OUTPUT(Image elf32-littlearm)
LOAD linker stubs

.debug_info     0x0000000000000000     0xc5e1
 .debug_info    0x0000000000000000      0x5db KTMP/app.o
 .debug_info    0x00000000000005db     0x1459 KTMP/main.o
 .debug_info    0x0000000000001a34     0x114b KTMP/kernel.o
 .debug_info    0x0000000000002b7f      0xfa7 KTMP/tcv.o
 .debug_info    0x0000000000003b26      0x154 KTMP/startup_gcc.o
 .debug_info    0x0000000000003c7a      0x1cd KTMP/ccfg.o
 .debug_info    0x0000000000003e47      0x244 KTMP/pin_sensor.o
 .debug_info    0x000000000000408b      0x1fe KTMP/buttons.o
 .debug_info    0x0000000000004289      0x779 KTMP/storage_mx25r8035.o
 .debug_info    0x0000000000004a02      0x14e KTMP/ser_outf.o
 .debug_info    0x0000000000004b50      0x14e KTMP/ser_inf.o
 .debug_info    0x0000000000004c9e      0x10f KTMP/ser_in.o
 .debug_info    0x0000000000004dad     0x1a29 KTMP/rfprop.o
 .debug_info    0x00000000000067d6      0x3c8 KTMP/plug_null.o
 .debug_info    0x0000000000006b9e      0x31d KTMP/vform.o
 .debug_info    0x0000000000006ebb      0x29d KTMP/vscan.o
 .debug_info    0x0000000000007158      0x217 KTMP/__outserial.o
 .debug_info    0x000000000000736f      0x22b KTMP/__inserial.o
 .debug_info    0x000000000000759a     0x1407 KTMP/smartrf_settings_lp_hr.o
 .debug_info    0x00000000000089a1      0x18e /home/charliyan23/OLSONET/PICOS/PicOS/CC13XX/CC13XXWARE/driverlib/bin/gcc/driverlib.lib(adi.o)
 .debug_info    0x0000000000008b2f       0xd9 /home/charliyan23/OLSONET/PICOS/PicOS/CC13XX/CC13XXWARE/driverlib/bin/gcc/driverlib.lib(aon_batmon.o)
 .debug_info    0x0000000000008c08      0x147 /home/charliyan23/OLSONET/PICOS/PicOS/CC13XX/CC13XXWARE/driverlib/bin/gcc/driverlib.lib(aon_rtc.o)
 .debug_info    0x0000000000008d4f      0x13a /home/charliyan23/OLSONET/PICOS/PicOS/CC13XX/CC13XXWARE/driverlib/bin/gcc/driverlib.lib(cpu.o)
 .debug_info    0x0000000000008e89      0x8c3 /home/charliyan23/OLSONET/PICOS/PicOS/CC13XX/CC13XXWARE/driverlib/bin/gcc/driverlib.lib(osc.o)
 .debug_info    0x000000000000974c      0xab8 /home/charliyan23/OLSONET/PICOS/PicOS/CC13XX/CC13XXWARE/driverlib/bin/gcc/driverlib.lib(rfc.o)
 .debug_info    0x000000000000a204      0x20b /home/charliyan23/OLSONET/PICOS/PicOS/CC13XX/CC13XXWARE/driverlib/bin/gcc/driverlib.lib(setup.o)
 .debug_info    0x000000000000a40f      0xb1b /home/charliyan23/OLSONET/PICOS/PicOS/CC13XX/CC13XXWARE/driverlib/bin/gcc/driverlib.lib(setup_rom.o)
 .debug_info    0x000000000000af2a      0x927 /home/charliyan23/OLSONET/PICOS/PicOS/CC13XX/CC13XXWARE/driverlib/bin/gcc/driverlib.lib(sys_ctrl.o)
 .debug_info    0x000000000000b851      0x3d0 /home/charliyan23/OLSONET/PICOS/PicOS/CC13XX/CC13XXWARE/driverlib/bin/gcc/driverlib.lib(chipinfo.o)
 .debug_info    0x000000000000bc21      0x5ab /home/charliyan23/OLSONET/PICOS/PicOS/CC13XX/CC13XXWARE/driverlib/bin/gcc/driverlib.lib(ddi.o)
 .debug_info    0x000000000000c1cc      0x15c /usr/lib/gcc/arm-none-eabi/10.3.1/../../../arm-none-eabi/lib/thumb/nofp/libg.a(lib_a-memcpy-stub.o)
 .debug_info    0x000000000000c328      0x13d /usr/lib/gcc/arm-none-eabi/10.3.1/../../../arm-none-eabi/lib/thumb/nofp/libg.a(lib_a-memset.o)
 .debug_info    0x000000000000c465       0xc4 /usr/lib/gcc/arm-none-eabi/10.3.1/../../../arm-none-eabi/lib/thumb/nofp/libg.a(lib_a-toupper.o)
 .debug_info    0x000000000000c529       0xb8 /usr/lib/gcc/arm-none-eabi/10.3.1/../../../arm-none-eabi/lib/thumb/nofp/libg.a(lib_a-ctype_.o)

.debug_abbrev   0x0000000000000000     0x3667
 .debug_abbrev  0x0000000000000000      0x239 KTMP/app.o
 .debug_abbrev  0x0000000000000239      0x55b KTMP/main.o
 .debug_abbrev  0x0000000000000794      0x480 KTMP/kernel.o
 .debug_abbrev  0x0000000000000c14      0x375 KTMP/tcv.o
 .debug_abbrev  0x0000000000000f89       0xc3 KTMP/startup_gcc.o
 .debug_abbrev  0x000000000000104c       0x7e KTMP/ccfg.o
 .debug_abbrev  0x00000000000010ca      0x178 KTMP/pin_sensor.o
 .debug_abbrev  0x0000000000001242      0x13c KTMP/buttons.o
 .debug_abbrev  0x000000000000137e      0x2db KTMP/storage_mx25r8035.o
 .debug_abbrev  0x0000000000001659       0xe1 KTMP/ser_outf.o
 .debug_abbrev  0x000000000000173a       0xe3 KTMP/ser_inf.o
 .debug_abbrev  0x000000000000181d       0x90 KTMP/ser_in.o
 .debug_abbrev  0x00000000000018ad      0x39f KTMP/rfprop.o
 .debug_abbrev  0x0000000000001c4c      0x145 KTMP/plug_null.o
 .debug_abbrev  0x0000000000001d91      0x168 KTMP/vform.o
 .debug_abbrev  0x0000000000001ef9       0xf1 KTMP/vscan.o
 .debug_abbrev  0x0000000000001fea      0x11e KTMP/__outserial.o
 .debug_abbrev  0x0000000000002108      0x11b KTMP/__inserial.o
 .debug_abbrev  0x0000000000002223      0x134 KTMP/smartrf_settings_lp_hr.o
 .debug_abbrev  0x0000000000002357       0xec /home/charliyan23/OLSONET/PICOS/PicOS/CC13XX/CC13XXWARE/driverlib/bin/gcc/driverlib.lib(adi.o)
 .debug_abbrev  0x0000000000002443       0x6f /home/charliyan23/OLSONET/PICOS/PicOS/CC13XX/CC13XXWARE/driverlib/bin/gcc/driverlib.lib(aon_batmon.o)
 .debug_abbrev  0x00000000000024b2       0xaa /home/charliyan23/OLSONET/PICOS/PicOS/CC13XX/CC13XXWARE/driverlib/bin/gcc/driverlib.lib(aon_rtc.o)
 .debug_abbrev  0x000000000000255c       0xb0 /home/charliyan23/OLSONET/PICOS/PicOS/CC13XX/CC13XXWARE/driverlib/bin/gcc/driverlib.lib(cpu.o)
 .debug_abbrev  0x000000000000260c      0x25d /home/charliyan23/OLSONET/PICOS/PicOS/CC13XX/CC13XXWARE/driverlib/bin/gcc/driverlib.lib(osc.o)
 .debug_abbrev  0x0000000000002869      0x220 /home/charliyan23/OLSONET/PICOS/PicOS/CC13XX/CC13XXWARE/driverlib/bin/gcc/driverlib.lib(rfc.o)
 .debug_abbrev  0x0000000000002a89      0x142 /home/charliyan23/OLSONET/PICOS/PicOS/CC13XX/CC13XXWARE/driverlib/bin/gcc/driverlib.lib(setup.o)
 .debug_abbrev  0x0000000000002bcb      0x261 /home/charliyan23/OLSONET/PICOS/PicOS/CC13XX/CC13XXWARE/driverlib/bin/gcc/driverlib.lib(setup_rom.o)
 .debug_abbrev  0x0000000000002e2c      0x2ba /home/charliyan23/OLSONET/PICOS/PicOS/CC13XX/CC13XXWARE/driverlib/bin/gcc/driverlib.lib(sys_ctrl.o)
 .debug_abbrev  0x00000000000030e6      0x1ce /home/charliyan23/OLSONET/PICOS/PicOS/CC13XX/CC13XXWARE/driverlib/bin/gcc/driverlib.lib(chipinfo.o)
 .debug_abbrev  0x00000000000032b4      0x154 /home/charliyan23/OLSONET/PICOS/PicOS/CC13XX/CC13XXWARE/driverlib/bin/gcc/driverlib.lib(ddi.o)
 .debug_abbrev  0x0000000000003408       0xc7 /usr/lib/gcc/arm-none-eabi/10.3.1/../../../arm-none-eabi/lib/thumb/nofp/libg.a(lib_a-memcpy-stub.o)
 .debug_abbrev  0x00000000000034cf       0xb4 /usr/lib/gcc/arm-none-eabi/10.3.1/../../../arm-none-eabi/lib/thumb/nofp/libg.a(lib_a-memset.o)
 .debug_abbrev  0x0000000000003583       0x82 /usr/lib/gcc/arm-none-eabi/10.3.1/../../../arm-none-eabi/lib/thumb/nofp/libg.a(lib_a-toupper.o)
 .debug_abbrev  0x0000000000003605       0x62 /usr/lib/gcc/arm-none-eabi/10.3.1/../../../arm-none-eabi/lib/thumb/nofp/libg.a(lib_a-ctype_.o)

.debug_loc      0x0000000000000000     0x594d
 .debug_loc     0x0000000000000000       0x9b KTMP/app.o
 .debug_loc     0x000000000000009b      0x46b KTMP/main.o
 .debug_loc     0x0000000000000506      0xb7d KTMP/kernel.o
 .debug_loc     0x0000000000001083      0xeb1 KTMP/tcv.o
 .debug_loc     0x0000000000001f34       0x80 KTMP/pin_sensor.o
 .debug_loc     0x0000000000001fb4       0x70 KTMP/buttons.o
 .debug_loc     0x0000000000002024      0x234 KTMP/storage_mx25r8035.o
 .debug_loc     0x0000000000002258       0x86 KTMP/ser_outf.o
 .debug_loc     0x00000000000022de       0x68 KTMP/ser_inf.o
 .debug_loc     0x0000000000002346      0x112 KTMP/ser_in.o
 .debug_loc     0x0000000000002458      0x4a7 KTMP/rfprop.o
 .debug_loc     0x00000000000028ff      0x108 KTMP/plug_null.o
 .debug_loc     0x0000000000002a07      0x3ac KTMP/vform.o
 .debug_loc     0x0000000000002db3      0x3f0 KTMP/vscan.o
 .debug_loc     0x00000000000031a3       0x66 KTMP/__outserial.o
 .debug_loc     0x0000000000003209       0x86 KTMP/__inserial.o
 .debug_loc     0x000000000000328f      0x115 /home/charliyan23/OLSONET/PICOS/PicOS/CC13XX/CC13XXWARE/driverlib/bin/gcc/driverlib.lib(adi.o)
 .debug_loc     0x00000000000033a4       0x4e /home/charliyan23/OLSONET/PICOS/PicOS/CC13XX/CC13XXWARE/driverlib/bin/gcc/driverlib.lib(aon_batmon.o)
 .debug_loc     0x00000000000033f2       0x26 /home/charliyan23/OLSONET/PICOS/PicOS/CC13XX/CC13XXWARE/driverlib/bin/gcc/driverlib.lib(aon_rtc.o)
 .debug_loc     0x0000000000003418      0x3b9 /home/charliyan23/OLSONET/PICOS/PicOS/CC13XX/CC13XXWARE/driverlib/bin/gcc/driverlib.lib(osc.o)
 .debug_loc     0x00000000000037d1      0x29c /home/charliyan23/OLSONET/PICOS/PicOS/CC13XX/CC13XXWARE/driverlib/bin/gcc/driverlib.lib(rfc.o)
 .debug_loc     0x0000000000003a6d       0xbc /home/charliyan23/OLSONET/PICOS/PicOS/CC13XX/CC13XXWARE/driverlib/bin/gcc/driverlib.lib(setup.o)
 .debug_loc     0x0000000000003b29      0x9e8 /home/charliyan23/OLSONET/PICOS/PicOS/CC13XX/CC13XXWARE/driverlib/bin/gcc/driverlib.lib(setup_rom.o)
 .debug_loc     0x0000000000004511      0x44d /home/charliyan23/OLSONET/PICOS/PicOS/CC13XX/CC13XXWARE/driverlib/bin/gcc/driverlib.lib(sys_ctrl.o)
 .debug_loc     0x000000000000495e      0x11f /home/charliyan23/OLSONET/PICOS/PicOS/CC13XX/CC13XXWARE/driverlib/bin/gcc/driverlib.lib(chipinfo.o)
 .debug_loc     0x0000000000004a7d      0x79c /home/charliyan23/OLSONET/PICOS/PicOS/CC13XX/CC13XXWARE/driverlib/bin/gcc/driverlib.lib(ddi.o)
 .debug_loc     0x0000000000005219      0x46c /usr/lib/gcc/arm-none-eabi/10.3.1/../../../arm-none-eabi/lib/thumb/nofp/libg.a(lib_a-memcpy-stub.o)
 .debug_loc     0x0000000000005685      0x2a3 /usr/lib/gcc/arm-none-eabi/10.3.1/../../../arm-none-eabi/lib/thumb/nofp/libg.a(lib_a-memset.o)
 .debug_loc     0x0000000000005928       0x25 /usr/lib/gcc/arm-none-eabi/10.3.1/../../../arm-none-eabi/lib/thumb/nofp/libg.a(lib_a-toupper.o)

.debug_aranges  0x0000000000000000      0xa00
 .debug_aranges
                0x0000000000000000       0x30 KTMP/app.o
 .debug_aranges
                0x0000000000000030       0xe8 KTMP/main.o
 .debug_aranges
                0x0000000000000118      0x158 KTMP/kernel.o
 .debug_aranges
                0x0000000000000270      0x108 KTMP/tcv.o
 .debug_aranges
                0x0000000000000378       0x38 KTMP/startup_gcc.o
 .debug_aranges
                0x00000000000003b0       0x18 KTMP/ccfg.o
 .debug_aranges
                0x00000000000003c8       0x28 KTMP/pin_sensor.o
 .debug_aranges
                0x00000000000003f0       0x28 KTMP/buttons.o
 .debug_aranges
                0x0000000000000418       0x90 KTMP/storage_mx25r8035.o
 .debug_aranges
                0x00000000000004a8       0x20 KTMP/ser_outf.o
 .debug_aranges
                0x00000000000004c8       0x20 KTMP/ser_inf.o
 .debug_aranges
                0x00000000000004e8       0x20 KTMP/ser_in.o
 .debug_aranges
                0x0000000000000508       0x70 KTMP/rfprop.o
 .debug_aranges
                0x0000000000000578       0x48 KTMP/plug_null.o
 .debug_aranges
                0x00000000000005c0       0x30 KTMP/vform.o
 .debug_aranges
                0x00000000000005f0       0x20 KTMP/vscan.o
 .debug_aranges
                0x0000000000000610       0x20 KTMP/__outserial.o
 .debug_aranges
                0x0000000000000630       0x20 KTMP/__inserial.o
 .debug_aranges
                0x0000000000000650       0x18 KTMP/smartrf_settings_lp_hr.o
 .debug_aranges
                0x0000000000000668       0x28 /home/charliyan23/OLSONET/PICOS/PicOS/CC13XX/CC13XXWARE/driverlib/bin/gcc/driverlib.lib(adi.o)
 .debug_aranges
                0x0000000000000690       0x20 /home/charliyan23/OLSONET/PICOS/PicOS/CC13XX/CC13XXWARE/driverlib/bin/gcc/driverlib.lib(aon_batmon.o)
 .debug_aranges
                0x00000000000006b0       0x28 /home/charliyan23/OLSONET/PICOS/PicOS/CC13XX/CC13XXWARE/driverlib/bin/gcc/driverlib.lib(aon_rtc.o)
 .debug_aranges
                0x00000000000006d8       0x40 /home/charliyan23/OLSONET/PICOS/PicOS/CC13XX/CC13XXWARE/driverlib/bin/gcc/driverlib.lib(cpu.o)
 .debug_aranges
                0x0000000000000718       0x68 /home/charliyan23/OLSONET/PICOS/PicOS/CC13XX/CC13XXWARE/driverlib/bin/gcc/driverlib.lib(osc.o)
 .debug_aranges
                0x0000000000000780       0x58 /home/charliyan23/OLSONET/PICOS/PicOS/CC13XX/CC13XXWARE/driverlib/bin/gcc/driverlib.lib(rfc.o)
 .debug_aranges
                0x00000000000007d8       0x28 /home/charliyan23/OLSONET/PICOS/PicOS/CC13XX/CC13XXWARE/driverlib/bin/gcc/driverlib.lib(setup.o)
 .debug_aranges
                0x0000000000000800       0xb8 /home/charliyan23/OLSONET/PICOS/PicOS/CC13XX/CC13XXWARE/driverlib/bin/gcc/driverlib.lib(setup_rom.o)
 .debug_aranges
                0x00000000000008b8       0x40 /home/charliyan23/OLSONET/PICOS/PicOS/CC13XX/CC13XXWARE/driverlib/bin/gcc/driverlib.lib(sys_ctrl.o)
 .debug_aranges
                0x00000000000008f8       0x48 /home/charliyan23/OLSONET/PICOS/PicOS/CC13XX/CC13XXWARE/driverlib/bin/gcc/driverlib.lib(chipinfo.o)
 .debug_aranges
                0x0000000000000940       0x48 /home/charliyan23/OLSONET/PICOS/PicOS/CC13XX/CC13XXWARE/driverlib/bin/gcc/driverlib.lib(ddi.o)
 .debug_aranges
                0x0000000000000988       0x20 /usr/lib/gcc/arm-none-eabi/10.3.1/../../../arm-none-eabi/lib/thumb/nofp/libg.a(lib_a-memcpy-stub.o)
 .debug_aranges
                0x00000000000009a8       0x20 /usr/lib/gcc/arm-none-eabi/10.3.1/../../../arm-none-eabi/lib/thumb/nofp/libg.a(lib_a-memset.o)
 .debug_aranges
                0x00000000000009c8       0x20 /usr/lib/gcc/arm-none-eabi/10.3.1/../../../arm-none-eabi/lib/thumb/nofp/libg.a(lib_a-toupper.o)
 .debug_aranges
                0x00000000000009e8       0x18 /usr/lib/gcc/arm-none-eabi/10.3.1/../../../arm-none-eabi/lib/thumb/nofp/libg.a(lib_a-ctype_.o)

.debug_ranges   0x0000000000000000     0x1188
 .debug_ranges  0x0000000000000000       0x98 KTMP/app.o
 .debug_ranges  0x0000000000000098      0x498 KTMP/main.o
 .debug_ranges  0x0000000000000530      0x1e0 KTMP/kernel.o
 .debug_ranges  0x0000000000000710      0x128 KTMP/tcv.o
 .debug_ranges  0x0000000000000838       0x28 KTMP/startup_gcc.o
 .debug_ranges  0x0000000000000860       0x40 KTMP/pin_sensor.o
 .debug_ranges  0x00000000000008a0       0x78 KTMP/buttons.o
 .debug_ranges  0x0000000000000918      0x1e8 KTMP/storage_mx25r8035.o
 .debug_ranges  0x0000000000000b00       0x10 KTMP/ser_outf.o
 .debug_ranges  0x0000000000000b10       0x10 KTMP/ser_inf.o
 .debug_ranges  0x0000000000000b20       0x10 KTMP/ser_in.o
 .debug_ranges  0x0000000000000b30      0x180 KTMP/rfprop.o
 .debug_ranges  0x0000000000000cb0       0x38 KTMP/plug_null.o
 .debug_ranges  0x0000000000000ce8       0x98 KTMP/vform.o
 .debug_ranges  0x0000000000000d80       0x98 KTMP/vscan.o
 .debug_ranges  0x0000000000000e18       0x28 KTMP/__outserial.o
 .debug_ranges  0x0000000000000e40       0x30 KTMP/__inserial.o
 .debug_ranges  0x0000000000000e70       0x18 /home/charliyan23/OLSONET/PICOS/PicOS/CC13XX/CC13XXWARE/driverlib/bin/gcc/driverlib.lib(adi.o)
 .debug_ranges  0x0000000000000e88       0x10 /home/charliyan23/OLSONET/PICOS/PicOS/CC13XX/CC13XXWARE/driverlib/bin/gcc/driverlib.lib(aon_batmon.o)
 .debug_ranges  0x0000000000000e98       0x18 /home/charliyan23/OLSONET/PICOS/PicOS/CC13XX/CC13XXWARE/driverlib/bin/gcc/driverlib.lib(aon_rtc.o)
 .debug_ranges  0x0000000000000eb0       0x30 /home/charliyan23/OLSONET/PICOS/PicOS/CC13XX/CC13XXWARE/driverlib/bin/gcc/driverlib.lib(cpu.o)
 .debug_ranges  0x0000000000000ee0       0x70 /home/charliyan23/OLSONET/PICOS/PicOS/CC13XX/CC13XXWARE/driverlib/bin/gcc/driverlib.lib(osc.o)
 .debug_ranges  0x0000000000000f50       0x48 /home/charliyan23/OLSONET/PICOS/PicOS/CC13XX/CC13XXWARE/driverlib/bin/gcc/driverlib.lib(rfc.o)
 .debug_ranges  0x0000000000000f98       0x18 /home/charliyan23/OLSONET/PICOS/PicOS/CC13XX/CC13XXWARE/driverlib/bin/gcc/driverlib.lib(setup.o)
 .debug_ranges  0x0000000000000fb0       0xd8 /home/charliyan23/OLSONET/PICOS/PicOS/CC13XX/CC13XXWARE/driverlib/bin/gcc/driverlib.lib(setup_rom.o)
 .debug_ranges  0x0000000000001088       0x60 /home/charliyan23/OLSONET/PICOS/PicOS/CC13XX/CC13XXWARE/driverlib/bin/gcc/driverlib.lib(sys_ctrl.o)
 .debug_ranges  0x00000000000010e8       0x68 /home/charliyan23/OLSONET/PICOS/PicOS/CC13XX/CC13XXWARE/driverlib/bin/gcc/driverlib.lib(chipinfo.o)
 .debug_ranges  0x0000000000001150       0x38 /home/charliyan23/OLSONET/PICOS/PicOS/CC13XX/CC13XXWARE/driverlib/bin/gcc/driverlib.lib(ddi.o)

.debug_line     0x0000000000000000     0x7f58
 .debug_line    0x0000000000000000      0x3c2 KTMP/app.o
 .debug_line    0x00000000000003c2     0x14e5 KTMP/main.o
 .debug_line    0x00000000000018a7      0xec2 KTMP/kernel.o
 .debug_line    0x0000000000002769      0xc34 KTMP/tcv.o
 .debug_line    0x000000000000339d      0x112 KTMP/startup_gcc.o
 .debug_line    0x00000000000034af       0xe1 KTMP/ccfg.o
 .debug_line    0x0000000000003590      0x20d KTMP/pin_sensor.o
 .debug_line    0x000000000000379d      0x2b0 KTMP/buttons.o
 .debug_line    0x0000000000003a4d      0x889 KTMP/storage_mx25r8035.o
 .debug_line    0x00000000000042d6      0x140 KTMP/ser_outf.o
 .debug_line    0x0000000000004416      0x151 KTMP/ser_inf.o
 .debug_line    0x0000000000004567      0x163 KTMP/ser_in.o
 .debug_line    0x00000000000046ca      0xbae KTMP/rfprop.o
 .debug_line    0x0000000000005278      0x24d KTMP/plug_null.o
 .debug_line    0x00000000000054c5      0x38b KTMP/vform.o
 .debug_line    0x0000000000005850      0x268 KTMP/vscan.o
 .debug_line    0x0000000000005ab8      0x174 KTMP/__outserial.o
 .debug_line    0x0000000000005c2c      0x21e KTMP/__inserial.o
 .debug_line    0x0000000000005e4a      0x19d KTMP/smartrf_settings_lp_hr.o
 .debug_line    0x0000000000005fe7      0x1a0 /home/charliyan23/OLSONET/PICOS/PicOS/CC13XX/CC13XXWARE/driverlib/bin/gcc/driverlib.lib(adi.o)
 .debug_line    0x0000000000006187      0x16b /home/charliyan23/OLSONET/PICOS/PicOS/CC13XX/CC13XXWARE/driverlib/bin/gcc/driverlib.lib(aon_batmon.o)
 .debug_line    0x00000000000062f2      0x1ad /home/charliyan23/OLSONET/PICOS/PicOS/CC13XX/CC13XXWARE/driverlib/bin/gcc/driverlib.lib(aon_rtc.o)
 .debug_line    0x000000000000649f      0x1a0 /home/charliyan23/OLSONET/PICOS/PicOS/CC13XX/CC13XXWARE/driverlib/bin/gcc/driverlib.lib(cpu.o)
 .debug_line    0x000000000000663f      0x2da /home/charliyan23/OLSONET/PICOS/PicOS/CC13XX/CC13XXWARE/driverlib/bin/gcc/driverlib.lib(osc.o)
 .debug_line    0x0000000000006919      0x3ab /home/charliyan23/OLSONET/PICOS/PicOS/CC13XX/CC13XXWARE/driverlib/bin/gcc/driverlib.lib(rfc.o)
 .debug_line    0x0000000000006cc4      0x1ed /home/charliyan23/OLSONET/PICOS/PicOS/CC13XX/CC13XXWARE/driverlib/bin/gcc/driverlib.lib(setup.o)
 .debug_line    0x0000000000006eb1      0x45b /home/charliyan23/OLSONET/PICOS/PicOS/CC13XX/CC13XXWARE/driverlib/bin/gcc/driverlib.lib(setup_rom.o)
 .debug_line    0x000000000000730c      0x369 /home/charliyan23/OLSONET/PICOS/PicOS/CC13XX/CC13XXWARE/driverlib/bin/gcc/driverlib.lib(sys_ctrl.o)
 .debug_line    0x0000000000007675      0x22f /home/charliyan23/OLSONET/PICOS/PicOS/CC13XX/CC13XXWARE/driverlib/bin/gcc/driverlib.lib(chipinfo.o)
 .debug_line    0x00000000000078a4      0x222 /home/charliyan23/OLSONET/PICOS/PicOS/CC13XX/CC13XXWARE/driverlib/bin/gcc/driverlib.lib(ddi.o)
 .debug_line    0x0000000000007ac6      0x1ad /usr/lib/gcc/arm-none-eabi/10.3.1/../../../arm-none-eabi/lib/thumb/nofp/libg.a(lib_a-memcpy-stub.o)
 .debug_line    0x0000000000007c73      0x1ce /usr/lib/gcc/arm-none-eabi/10.3.1/../../../arm-none-eabi/lib/thumb/nofp/libg.a(lib_a-memset.o)
 .debug_line    0x0000000000007e41       0xb9 /usr/lib/gcc/arm-none-eabi/10.3.1/../../../arm-none-eabi/lib/thumb/nofp/libg.a(lib_a-toupper.o)
 .debug_line    0x0000000000007efa       0x5e /usr/lib/gcc/arm-none-eabi/10.3.1/../../../arm-none-eabi/lib/thumb/nofp/libg.a(lib_a-ctype_.o)

.debug_str      0x0000000000000000     0x3a45
 .debug_str     0x0000000000000000      0x3d1 KTMP/app.o
                                        0x45b (size before relaxing)
 .debug_str     0x00000000000003d1      0x635 KTMP/main.o
                                        0x881 (size before relaxing)
 .debug_str     0x0000000000000a06      0x265 KTMP/kernel.o
                                        0x59b (size before relaxing)
 .debug_str     0x0000000000000c6b      0x264 KTMP/tcv.o
                                        0x4c8 (size before relaxing)
 .debug_str     0x0000000000000ecf       0xaf KTMP/startup_gcc.o
                                        0x23b (size before relaxing)
 .debug_str     0x0000000000000f7e      0x1d3 KTMP/ccfg.o
                                        0x364 (size before relaxing)
 .debug_str     0x0000000000001151       0x73 KTMP/pin_sensor.o
                                        0x272 (size before relaxing)
 .debug_str     0x00000000000011c4       0x73 KTMP/buttons.o
                                        0x24a (size before relaxing)
 .debug_str     0x0000000000001237      0x10e KTMP/storage_mx25r8035.o
                                        0x32d (size before relaxing)
 .debug_str     0x0000000000001345       0x47 KTMP/ser_outf.o
                                        0x217 (size before relaxing)
 .debug_str     0x000000000000138c       0x4f KTMP/ser_inf.o
                                        0x21f (size before relaxing)
 .debug_str     0x00000000000013db       0x43 KTMP/ser_in.o
                                        0x1f7 (size before relaxing)
 .debug_str     0x000000000000141e      0x882 KTMP/rfprop.o
                                        0xb4f (size before relaxing)
 .debug_str     0x0000000000001ca0       0x70 KTMP/plug_null.o
                                        0x2a1 (size before relaxing)
 .debug_str     0x0000000000001d10       0x59 KTMP/vform.o
                                        0x245 (size before relaxing)
 .debug_str     0x0000000000001d69       0x5c KTMP/vscan.o
                                        0x237 (size before relaxing)
 .debug_str     0x0000000000001dc5       0x5e KTMP/__outserial.o
                                        0x26f (size before relaxing)
 .debug_str     0x0000000000001e23       0x4b KTMP/__inserial.o
                                        0x274 (size before relaxing)
 .debug_str     0x0000000000001e6e       0x5b KTMP/smartrf_settings_lp_hr.o
                                        0x61b (size before relaxing)
 .debug_str     0x0000000000001ec9      0x1be /home/charliyan23/OLSONET/PICOS/PicOS/CC13XX/CC13XXWARE/driverlib/bin/gcc/driverlib.lib(adi.o)
                                        0x259 (size before relaxing)
 .debug_str     0x0000000000002087       0x7e /home/charliyan23/OLSONET/PICOS/PicOS/CC13XX/CC13XXWARE/driverlib/bin/gcc/driverlib.lib(aon_batmon.o)
                                        0x221 (size before relaxing)
 .debug_str     0x0000000000002105       0xce /home/charliyan23/OLSONET/PICOS/PicOS/CC13XX/CC13XXWARE/driverlib/bin/gcc/driverlib.lib(aon_rtc.o)
                                        0x27f (size before relaxing)
 .debug_str     0x00000000000021d3       0x61 /home/charliyan23/OLSONET/PICOS/PicOS/CC13XX/CC13XXWARE/driverlib/bin/gcc/driverlib.lib(cpu.o)
                                        0x227 (size before relaxing)
 .debug_str     0x0000000000002234      0x5d2 /home/charliyan23/OLSONET/PICOS/PicOS/CC13XX/CC13XXWARE/driverlib/bin/gcc/driverlib.lib(osc.o)
                                        0x822 (size before relaxing)
 .debug_str     0x0000000000002806      0x1c9 /home/charliyan23/OLSONET/PICOS/PicOS/CC13XX/CC13XXWARE/driverlib/bin/gcc/driverlib.lib(rfc.o)
                                        0x603 (size before relaxing)
 .debug_str     0x00000000000029cf      0x203 /home/charliyan23/OLSONET/PICOS/PicOS/CC13XX/CC13XXWARE/driverlib/bin/gcc/driverlib.lib(setup.o)
                                        0x3ab (size before relaxing)
 .debug_str     0x0000000000002bd2      0x4b8 /home/charliyan23/OLSONET/PICOS/PicOS/CC13XX/CC13XXWARE/driverlib/bin/gcc/driverlib.lib(setup_rom.o)
                                        0x792 (size before relaxing)
 .debug_str     0x000000000000308a      0x26a /home/charliyan23/OLSONET/PICOS/PicOS/CC13XX/CC13XXWARE/driverlib/bin/gcc/driverlib.lib(sys_ctrl.o)
                                        0x7e2 (size before relaxing)
 .debug_str     0x00000000000032f4      0x3c3 /home/charliyan23/OLSONET/PICOS/PicOS/CC13XX/CC13XXWARE/driverlib/bin/gcc/driverlib.lib(chipinfo.o)
                                        0x5ae (size before relaxing)
 .debug_str     0x00000000000036b7       0xf2 /home/charliyan23/OLSONET/PICOS/PicOS/CC13XX/CC13XXWARE/driverlib/bin/gcc/driverlib.lib(ddi.o)
                                        0x316 (size before relaxing)
 .debug_str     0x00000000000037a9      0x147 /usr/lib/gcc/arm-none-eabi/10.3.1/../../../arm-none-eabi/lib/thumb/nofp/libg.a(lib_a-memcpy-stub.o)
                                        0x1de (size before relaxing)
 .debug_str     0x00000000000038f0       0x99 /usr/lib/gcc/arm-none-eabi/10.3.1/../../../arm-none-eabi/lib/thumb/nofp/libg.a(lib_a-memset.o)
                                        0x1b9 (size before relaxing)
 .debug_str     0x0000000000003989       0x8c /usr/lib/gcc/arm-none-eabi/10.3.1/../../../arm-none-eabi/lib/thumb/nofp/libg.a(lib_a-toupper.o)
                                        0x1a6 (size before relaxing)
 .debug_str     0x0000000000003a15       0x30 /usr/lib/gcc/arm-none-eabi/10.3.1/../../../arm-none-eabi/lib/thumb/nofp/libg.a(lib_a-ctype_.o)
                                        0x19d (size before relaxing)

.comment        0x0000000000000000       0xa3
 .comment       0x0000000000000000       0x33 KTMP/app.o
                                         0x34 (size before relaxing)
 .comment       0x0000000000000033       0x34 KTMP/main.o
 .comment       0x0000000000000033       0x34 KTMP/kernel.o
 .comment       0x0000000000000033       0x34 KTMP/tcv.o
 .comment       0x0000000000000033       0x34 KTMP/startup_gcc.o
 .comment       0x0000000000000033       0x34 KTMP/ccfg.o
 .comment       0x0000000000000033       0x34 KTMP/pin_sensor.o
 .comment       0x0000000000000033       0x34 KTMP/buttons.o
 .comment       0x0000000000000033       0x34 KTMP/storage_mx25r8035.o
 .comment       0x0000000000000033       0x34 KTMP/ser_outf.o
 .comment       0x0000000000000033       0x34 KTMP/ser_inf.o
 .comment       0x0000000000000033       0x34 KTMP/ser_in.o
 .comment       0x0000000000000033       0x34 KTMP/rfprop.o
 .comment       0x0000000000000033       0x34 KTMP/plug_null.o
 .comment       0x0000000000000033       0x34 KTMP/vform.o
 .comment       0x0000000000000033       0x34 KTMP/vscan.o
 .comment       0x0000000000000033       0x34 KTMP/__outserial.o
 .comment       0x0000000000000033       0x34 KTMP/__inserial.o
 .comment       0x0000000000000033       0x34 KTMP/smartrf_settings_lp_hr.o
 .comment       0x0000000000000033       0x70 /home/charliyan23/OLSONET/PICOS/PicOS/CC13XX/CC13XXWARE/driverlib/bin/gcc/driverlib.lib(adi.o)
                                         0x71 (size before relaxing)
 .comment       0x00000000000000a3       0x71 /home/charliyan23/OLSONET/PICOS/PicOS/CC13XX/CC13XXWARE/driverlib/bin/gcc/driverlib.lib(aon_batmon.o)
 .comment       0x00000000000000a3       0x71 /home/charliyan23/OLSONET/PICOS/PicOS/CC13XX/CC13XXWARE/driverlib/bin/gcc/driverlib.lib(aon_rtc.o)
 .comment       0x00000000000000a3       0x71 /home/charliyan23/OLSONET/PICOS/PicOS/CC13XX/CC13XXWARE/driverlib/bin/gcc/driverlib.lib(cpu.o)
 .comment       0x00000000000000a3       0x71 /home/charliyan23/OLSONET/PICOS/PicOS/CC13XX/CC13XXWARE/driverlib/bin/gcc/driverlib.lib(osc.o)
 .comment       0x00000000000000a3       0x71 /home/charliyan23/OLSONET/PICOS/PicOS/CC13XX/CC13XXWARE/driverlib/bin/gcc/driverlib.lib(rfc.o)
 .comment       0x00000000000000a3       0x71 /home/charliyan23/OLSONET/PICOS/PicOS/CC13XX/CC13XXWARE/driverlib/bin/gcc/driverlib.lib(setup.o)
 .comment       0x00000000000000a3       0x71 /home/charliyan23/OLSONET/PICOS/PicOS/CC13XX/CC13XXWARE/driverlib/bin/gcc/driverlib.lib(setup_rom.o)
 .comment       0x00000000000000a3       0x71 /home/charliyan23/OLSONET/PICOS/PicOS/CC13XX/CC13XXWARE/driverlib/bin/gcc/driverlib.lib(sys_ctrl.o)
 .comment       0x00000000000000a3       0x71 /home/charliyan23/OLSONET/PICOS/PicOS/CC13XX/CC13XXWARE/driverlib/bin/gcc/driverlib.lib(chipinfo.o)
 .comment       0x00000000000000a3       0x71 /home/charliyan23/OLSONET/PICOS/PicOS/CC13XX/CC13XXWARE/driverlib/bin/gcc/driverlib.lib(ddi.o)
 .comment       0x00000000000000a3       0x34 /usr/lib/gcc/arm-none-eabi/10.3.1/../../../arm-none-eabi/lib/thumb/nofp/libg.a(lib_a-memcpy-stub.o)
 .comment       0x00000000000000a3       0x34 /usr/lib/gcc/arm-none-eabi/10.3.1/../../../arm-none-eabi/lib/thumb/nofp/libg.a(lib_a-memset.o)
 .comment       0x00000000000000a3       0x34 /usr/lib/gcc/arm-none-eabi/10.3.1/../../../arm-none-eabi/lib/thumb/nofp/libg.a(lib_a-toupper.o)
 .comment       0x00000000000000a3       0x34 /usr/lib/gcc/arm-none-eabi/10.3.1/../../../arm-none-eabi/lib/thumb/nofp/libg.a(lib_a-ctype_.o)

.ARM.attributes
                0x0000000000000000       0x2f
 .ARM.attributes
                0x0000000000000000       0x2d KTMP/app.o
 .ARM.attributes
                0x000000000000002d       0x2d KTMP/main.o
 .ARM.attributes
                0x000000000000005a       0x2d KTMP/kernel.o
 .ARM.attributes
                0x0000000000000087       0x2d KTMP/tcv.o
 .ARM.attributes
                0x00000000000000b4       0x2d KTMP/startup_gcc.o
 .ARM.attributes
                0x00000000000000e1       0x33 KTMP/ccfg.o
 .ARM.attributes
                0x0000000000000114       0x2d KTMP/pin_sensor.o
 .ARM.attributes
                0x0000000000000141       0x2d KTMP/buttons.o
 .ARM.attributes
                0x000000000000016e       0x2d KTMP/storage_mx25r8035.o
 .ARM.attributes
                0x000000000000019b       0x2d KTMP/ser_outf.o
 .ARM.attributes
                0x00000000000001c8       0x2d KTMP/ser_inf.o
 .ARM.attributes
                0x00000000000001f5       0x2d KTMP/ser_in.o
 .ARM.attributes
                0x0000000000000222       0x2d KTMP/rfprop.o
 .ARM.attributes
                0x000000000000024f       0x2d KTMP/plug_null.o
 .ARM.attributes
                0x000000000000027c       0x2d KTMP/vform.o
 .ARM.attributes
                0x00000000000002a9       0x2d KTMP/vscan.o
 .ARM.attributes
                0x00000000000002d6       0x2d KTMP/__outserial.o
 .ARM.attributes
                0x0000000000000303       0x2d KTMP/__inserial.o
 .ARM.attributes
                0x0000000000000330       0x33 KTMP/smartrf_settings_lp_hr.o
 .ARM.attributes
                0x0000000000000363       0x33 /home/charliyan23/OLSONET/PICOS/PicOS/CC13XX/CC13XXWARE/driverlib/bin/gcc/driverlib.lib(adi.o)
 .ARM.attributes
                0x0000000000000396       0x33 /home/charliyan23/OLSONET/PICOS/PicOS/CC13XX/CC13XXWARE/driverlib/bin/gcc/driverlib.lib(aon_batmon.o)
 .ARM.attributes
                0x00000000000003c9       0x33 /home/charliyan23/OLSONET/PICOS/PicOS/CC13XX/CC13XXWARE/driverlib/bin/gcc/driverlib.lib(aon_rtc.o)
 .ARM.attributes
                0x00000000000003fc       0x33 /home/charliyan23/OLSONET/PICOS/PicOS/CC13XX/CC13XXWARE/driverlib/bin/gcc/driverlib.lib(cpu.o)
 .ARM.attributes
                0x000000000000042f       0x33 /home/charliyan23/OLSONET/PICOS/PicOS/CC13XX/CC13XXWARE/driverlib/bin/gcc/driverlib.lib(osc.o)
 .ARM.attributes
                0x0000000000000462       0x33 /home/charliyan23/OLSONET/PICOS/PicOS/CC13XX/CC13XXWARE/driverlib/bin/gcc/driverlib.lib(rfc.o)
 .ARM.attributes
                0x0000000000000495       0x33 /home/charliyan23/OLSONET/PICOS/PicOS/CC13XX/CC13XXWARE/driverlib/bin/gcc/driverlib.lib(setup.o)
 .ARM.attributes
                0x00000000000004c8       0x33 /home/charliyan23/OLSONET/PICOS/PicOS/CC13XX/CC13XXWARE/driverlib/bin/gcc/driverlib.lib(setup_rom.o)
 .ARM.attributes
                0x00000000000004fb       0x33 /home/charliyan23/OLSONET/PICOS/PicOS/CC13XX/CC13XXWARE/driverlib/bin/gcc/driverlib.lib(sys_ctrl.o)
 .ARM.attributes
                0x000000000000052e       0x33 /home/charliyan23/OLSONET/PICOS/PicOS/CC13XX/CC13XXWARE/driverlib/bin/gcc/driverlib.lib(chipinfo.o)
 .ARM.attributes
                0x0000000000000561       0x33 /home/charliyan23/OLSONET/PICOS/PicOS/CC13XX/CC13XXWARE/driverlib/bin/gcc/driverlib.lib(ddi.o)
 .ARM.attributes
                0x0000000000000594       0x2a /usr/lib/gcc/arm-none-eabi/10.3.1/../../../arm-none-eabi/lib/thumb/nofp/libg.a(lib_a-memcpy-stub.o)
 .ARM.attributes
                0x00000000000005be       0x2a /usr/lib/gcc/arm-none-eabi/10.3.1/../../../arm-none-eabi/lib/thumb/nofp/libg.a(lib_a-memset.o)
 .ARM.attributes
                0x00000000000005e8       0x2a /usr/lib/gcc/arm-none-eabi/10.3.1/../../../arm-none-eabi/lib/thumb/nofp/libg.a(lib_a-toupper.o)
 .ARM.attributes
                0x0000000000000612       0x30 /usr/lib/gcc/arm-none-eabi/10.3.1/../../../arm-none-eabi/lib/thumb/nofp/libg.a(lib_a-ctype_.o)

.debug_frame    0x0000000000000000     0x17d8
 .debug_frame   0x0000000000000000       0x8c KTMP/app.o
 .debug_frame   0x000000000000008c      0x2b0 KTMP/main.o
 .debug_frame   0x000000000000033c      0x3d4 KTMP/kernel.o
 .debug_frame   0x0000000000000710      0x364 KTMP/tcv.o
 .debug_frame   0x0000000000000a74       0x58 KTMP/startup_gcc.o
 .debug_frame   0x0000000000000acc       0x3c KTMP/pin_sensor.o
 .debug_frame   0x0000000000000b08       0x68 KTMP/buttons.o
 .debug_frame   0x0000000000000b70      0x190 KTMP/storage_mx25r8035.o
 .debug_frame   0x0000000000000d00       0x44 KTMP/ser_outf.o
 .debug_frame   0x0000000000000d44       0x44 KTMP/ser_inf.o
 .debug_frame   0x0000000000000d88       0x30 KTMP/ser_in.o
 .debug_frame   0x0000000000000db8      0x180 KTMP/rfprop.o
 .debug_frame   0x0000000000000f38       0x84 KTMP/plug_null.o
 .debug_frame   0x0000000000000fbc       0x6c KTMP/vform.o
 .debug_frame   0x0000000000001028       0x34 KTMP/vscan.o
 .debug_frame   0x000000000000105c       0x3c KTMP/__outserial.o
 .debug_frame   0x0000000000001098       0x48 KTMP/__inserial.o
 .debug_frame   0x00000000000010e0       0x64 /home/charliyan23/OLSONET/PICOS/PicOS/CC13XX/CC13XXWARE/driverlib/bin/gcc/driverlib.lib(adi.o)
 .debug_frame   0x0000000000001144       0x20 /home/charliyan23/OLSONET/PICOS/PicOS/CC13XX/CC13XXWARE/driverlib/bin/gcc/driverlib.lib(aon_batmon.o)
 .debug_frame   0x0000000000001164       0x30 /home/charliyan23/OLSONET/PICOS/PicOS/CC13XX/CC13XXWARE/driverlib/bin/gcc/driverlib.lib(aon_rtc.o)
 .debug_frame   0x0000000000001194       0x60 /home/charliyan23/OLSONET/PICOS/PicOS/CC13XX/CC13XXWARE/driverlib/bin/gcc/driverlib.lib(cpu.o)
 .debug_frame   0x00000000000011f4      0x104 /home/charliyan23/OLSONET/PICOS/PicOS/CC13XX/CC13XXWARE/driverlib/bin/gcc/driverlib.lib(osc.o)
 .debug_frame   0x00000000000012f8       0xb0 /home/charliyan23/OLSONET/PICOS/PicOS/CC13XX/CC13XXWARE/driverlib/bin/gcc/driverlib.lib(rfc.o)
 .debug_frame   0x00000000000013a8       0x44 /home/charliyan23/OLSONET/PICOS/PicOS/CC13XX/CC13XXWARE/driverlib/bin/gcc/driverlib.lib(setup.o)
 .debug_frame   0x00000000000013ec      0x194 /home/charliyan23/OLSONET/PICOS/PicOS/CC13XX/CC13XXWARE/driverlib/bin/gcc/driverlib.lib(setup_rom.o)
 .debug_frame   0x0000000000001580       0x9c /home/charliyan23/OLSONET/PICOS/PicOS/CC13XX/CC13XXWARE/driverlib/bin/gcc/driverlib.lib(sys_ctrl.o)
 .debug_frame   0x000000000000161c       0x8c /home/charliyan23/OLSONET/PICOS/PicOS/CC13XX/CC13XXWARE/driverlib/bin/gcc/driverlib.lib(chipinfo.o)
 .debug_frame   0x00000000000016a8       0xac /home/charliyan23/OLSONET/PICOS/PicOS/CC13XX/CC13XXWARE/driverlib/bin/gcc/driverlib.lib(ddi.o)
 .debug_frame   0x0000000000001754       0x34 /usr/lib/gcc/arm-none-eabi/10.3.1/../../../arm-none-eabi/lib/thumb/nofp/libg.a(lib_a-memcpy-stub.o)
 .debug_frame   0x0000000000001788       0x30 /usr/lib/gcc/arm-none-eabi/10.3.1/../../../arm-none-eabi/lib/thumb/nofp/libg.a(lib_a-memset.o)
 .debug_frame   0x00000000000017b8       0x20 /usr/lib/gcc/arm-none-eabi/10.3.1/../../../arm-none-eabi/lib/thumb/nofp/libg.a(lib_a-toupper.o)
